# 打印gc详细信息

D:\jike-workspace\works\src\main\java>java -XX:+PrintGCDetails com.jikework.works.secondworks.GCLogAnalysis
正在执行...
[GC (Allocation Failure) [PSYoungGen: 114176K->18931K(133120K)] 114176K->33924K(437760K), 0.0044758 secs] [Times: user=0.00 sys=0.00, real=0.00 secs]
[GC (Allocation Failure) [PSYoungGen: 133107K->18935K(247296K)] 148100K->68933K(551936K), 0.0068579 secs] [Times: user=0.05 sys=0.11, real=0.01 secs]
[GC (Allocation Failure) [PSYoungGen: 247287K->18934K(247296K)] 297285K->146127K(551936K), 0.0116294 secs] [Times: user=0.03 sys=0.17, real=0.01 secs]
[GC (Allocation Failure) [PSYoungGen: 247286K->18928K(475648K)] 374479K->221033K(780288K), 0.0114636 secs] [Times: user=0.02 sys=0.19, real=0.01 secs]
[GC (Allocation Failure) [PSYoungGen: 475632K->18942K(475648K)] 677737K->336376K(793600K), 0.0172522 secs] [Times: user=0.19 sys=0.02, real=0.02 secs]
[Full GC (Ergonomics) [PSYoungGen: 18942K->0K(475648K)] [ParOldGen: 317434K->242201K(522752K)] 336376K->242201K(998400K), [Metaspace: 2646K->2646K(1056768K)], 0.0288431 secs] [Times: user=0.20 sys=0.00, real=0.03 secs]
[GC (Allocation Failure) [PSYoungGen: 456704K->131536K(920576K)] 698905K->373738K(1443328K), 0.0156580 secs] [Times: user=0.02 sys=0.19, real=0.01 secs]
[GC (Allocation Failure) [PSYoungGen: 920528K->171505K(1028608K)] 1162730K->495014K(1551360K), 0.0273332 secs] [Times: user=0.05 sys=0.36, real=0.03 secs]
[GC (Allocation Failure) [PSYoungGen: 1028593K->241655K(1540608K)] 1352102K->596423K(2063360K), 0.0316124 secs] [Times: user=0.08 sys=0.33, real=0.03 secs]
执行结束，共生成对象次数：15814
Heap
 PSYoungGen      total 1540608K, used 1212937K [0x000000072b580000, 0x00000007a9900000, 0x00000007c0000000)
  eden space 1298944K, 74% used [0x000000072b580000,0x0000000766a049a8,0x000000077aa00000)
  from space 241664K, 99% used [0x000000078cb00000,0x000000079b6fddd8,0x000000079b700000)
  to   space 295936K, 0% used [0x000000077aa00000,0x000000077aa00000,0x000000078cb00000)
 ParOldGen       total 522752K, used 354767K [0x0000000602000000, 0x0000000621e80000, 0x000000072b580000)
  object space 522752K, 67% used [0x0000000602000000,0x0000000617a73e40,0x0000000621e80000)
 Metaspace       used 2652K, capacity 4486K, committed 4864K, reserved 1056768K
  class space    used 291K, capacity 386K, committed 512K, reserved 1048576K
  
--------------------------------------------------------------------------------------------------------------------------------------
# 设置堆内存1g并打印gc详细信息

D:\jike-workspace\works\src\main\java>java -XX:+PrintGCDetails -Xmx1g -Xms1g com.jikework.works.secondworks.GCLogAnalysis
正在执行...
[GC (Allocation Failure) [PSYoungGen: 262144K->43517K(305664K)] 262144K->77585K(1005056K), 0.0091655 secs] [Times: user=0.00 sys=0.00, real=0.01 secs]
[GC (Allocation Failure) [PSYoungGen: 305661K->43510K(305664K)] 339729K->149666K(1005056K), 0.0136659 secs] [Times: user=0.05 sys=0.16, real=0.01 secs]
[GC (Allocation Failure) [PSYoungGen: 305654K->43516K(305664K)] 411810K->227113K(1005056K), 0.0126334 secs] [Times: user=0.20 sys=0.00, real=0.01 secs]
[GC (Allocation Failure) [PSYoungGen: 305660K->43519K(305664K)] 489257K->303433K(1005056K), 0.0130713 secs] [Times: user=0.00 sys=0.00, real=0.01 secs]
[GC (Allocation Failure) [PSYoungGen: 305663K->43519K(305664K)] 565577K->375594K(1005056K), 0.0130497 secs] [Times: user=0.05 sys=0.16, real=0.01 secs]
[GC (Allocation Failure) [PSYoungGen: 305663K->43506K(160256K)] 637738K->448996K(859648K), 0.0127536 secs] [Times: user=0.20 sys=0.00, real=0.01 secs]
[GC (Allocation Failure) [PSYoungGen: 160242K->71845K(232960K)] 565732K->484345K(932352K), 0.0075584 secs] [Times: user=0.16 sys=0.03, real=0.01 secs]
[GC (Allocation Failure) [PSYoungGen: 188581K->98398K(232960K)] 601081K->517363K(932352K), 0.0094100 secs] [Times: user=0.00 sys=0.00, real=0.01 secs]
[GC (Allocation Failure) [PSYoungGen: 215134K->105830K(232960K)] 634099K->545604K(932352K), 0.0107596 secs] [Times: user=0.00 sys=0.00, real=0.01 secs]
[GC (Allocation Failure) [PSYoungGen: 222566K->73223K(232960K)] 662340K->574111K(932352K), 0.0109255 secs] [Times: user=0.02 sys=0.19, real=0.01 secs]
[GC (Allocation Failure) [PSYoungGen: 189959K->36416K(232960K)] 690847K->601903K(932352K), 0.0096635 secs] [Times: user=0.02 sys=0.19, real=0.01 secs]
[GC (Allocation Failure) [PSYoungGen: 153104K->39398K(232960K)] 718591K->636860K(932352K), 0.0067108 secs] [Times: user=0.00 sys=0.00, real=0.01 secs]
[Full GC (Ergonomics) [PSYoungGen: 39398K->0K(232960K)] [ParOldGen: 597461K->331806K(699392K)] 636860K->331806K(932352K), [Metaspace: 2646K->2646K(1056768K)], 0.0385161 secs] [Times: user=0.58 sys=0.03, real=0.04 secs]
[GC (Allocation Failure) [PSYoungGen: 116736K->33601K(232960K)] 448542K->365408K(932352K), 0.0033474 secs] [Times: user=0.00 sys=0.00, real=0.00 secs]
[GC (Allocation Failure) [PSYoungGen: 149806K->41908K(232960K)] 481613K->404511K(932352K), 0.0071981 secs] [Times: user=0.20 sys=0.00, real=0.01 secs]
[GC (Allocation Failure) [PSYoungGen: 158644K->39457K(232960K)] 521247K->439853K(932352K), 0.0068575 secs] [Times: user=0.00 sys=0.00, real=0.01 secs]
[GC (Allocation Failure) [PSYoungGen: 156193K->39518K(232960K)] 556589K->474807K(932352K), 0.0069100 secs] [Times: user=0.00 sys=0.00, real=0.01 secs]
[GC (Allocation Failure) [PSYoungGen: 156254K->40019K(232960K)] 591543K->511612K(932352K), 0.0076438 secs] [Times: user=0.20 sys=0.00, real=0.01 secs]
[GC (Allocation Failure) [PSYoungGen: 156755K->36504K(232960K)] 628348K->542366K(932352K), 0.0066715 secs] [Times: user=0.00 sys=0.00, real=0.01 secs]
[GC (Allocation Failure) [PSYoungGen: 153240K->44255K(232960K)] 659102K->582982K(932352K), 0.0070683 secs] [Times: user=0.20 sys=0.00, real=0.01 secs]
[GC (Allocation Failure) [PSYoungGen: 160991K->40045K(232960K)] 699718K->615452K(932352K), 0.0073550 secs] [Times: user=0.00 sys=0.00, real=0.01 secs]
[GC (Allocation Failure) [PSYoungGen: 156556K->43828K(232960K)] 731963K->653432K(932352K), 0.0077208 secs] [Times: user=0.00 sys=0.00, real=0.01 secs]
[GC (Allocation Failure) [PSYoungGen: 160564K->42132K(232960K)] 770168K->690076K(932352K), 0.0080899 secs] [Times: user=0.14 sys=0.06, real=0.01 secs]
[Full GC (Ergonomics) [PSYoungGen: 42132K->0K(232960K)] [ParOldGen: 647944K->362606K(699392K)] 690076K->362606K(932352K), [Metaspace: 2646K->2646K(1056768K)], 0.0416612 secs] [Times: user=0.41 sys=0.00, real=0.04 secs]
[GC (Allocation Failure) [PSYoungGen: 116736K->41649K(232960K)] 479342K->404255K(932352K), 0.0039987 secs] [Times: user=0.00 sys=0.00, real=0.00 secs]
[GC (Allocation Failure) [PSYoungGen: 158385K->38594K(232960K)] 520991K->439112K(932352K), 0.0068181 secs] [Times: user=0.19 sys=0.00, real=0.01 secs]
[GC (Allocation Failure) [PSYoungGen: 155330K->40570K(232960K)] 555848K->476047K(932352K), 0.0066160 secs] [Times: user=0.00 sys=0.00, real=0.01 secs]
[GC (Allocation Failure) [PSYoungGen: 156639K->38050K(236032K)] 592115K->509606K(935424K), 0.0064160 secs] [Times: user=0.20 sys=0.00, real=0.01 secs]
执行结束，共生成对象次数：15231
Heap
 PSYoungGen      total 236032K, used 142599K [0x00000000eab00000, 0x0000000100000000, 0x0000000100000000)
  eden space 119808K, 87% used [0x00000000eab00000,0x00000000f1119370,0x00000000f2000000)
  from space 116224K, 32% used [0x00000000f8e80000,0x00000000fb3a89b8,0x0000000100000000)
  to   space 113152K, 0% used [0x00000000f2000000,0x00000000f2000000,0x00000000f8e80000)
 ParOldGen       total 699392K, used 471556K [0x00000000c0000000, 0x00000000eab00000, 0x00000000eab00000)
  object space 699392K, 67% used [0x00000000c0000000,0x00000000dcc81028,0x00000000eab00000)
 Metaspace       used 2652K, capacity 4486K, committed 4864K, reserved 1056768K
  class space    used 291K, capacity 386K, committed 512K, reserved 1048576K

------------------------------------------------------------------------------------------------------------------------------------------------  
# 设置堆内存1g并打印gc详细信息（带有时间）

D:\jike-workspace\works\src\main\java>java -XX:+PrintGCDetails -XX:+PrintGCDateStamps -Xmx1g -Xms1g com.jikework.works.secondworks.GCLogAnalysis
正在执行...
2021-08-14T11:02:38.567+0800: [GC (Allocation Failure) [PSYoungGen: 262144K->43513K(305664K)] 262144K->86624K(1005056K), 0.0109551 secs] [Times: user=0.01 sys=0.19, real=0.01 secs]
2021-08-14T11:02:38.619+0800: [GC (Allocation Failure) [PSYoungGen: 305657K->43515K(305664K)] 348768K->163128K(1005056K), 0.0141868 secs] [Times: user=0.03 sys=0.17, real=0.01 secs]
2021-08-14T11:02:38.673+0800: [GC (Allocation Failure) [PSYoungGen: 305659K->43507K(305664K)] 425272K->233828K(1005056K), 0.0125945 secs] [Times: user=0.00 sys=0.00, real=0.01 secs]
2021-08-14T11:02:38.724+0800: [GC (Allocation Failure) [PSYoungGen: 305651K->43511K(305664K)] 495972K->313310K(1005056K), 0.0135794 secs] [Times: user=0.03 sys=0.17, real=0.01 secs]
2021-08-14T11:02:38.776+0800: [GC (Allocation Failure) [PSYoungGen: 305655K->43510K(305664K)] 575454K->379065K(1005056K), 0.0127170 secs] [Times: user=0.20 sys=0.00, real=0.01 secs]
2021-08-14T11:02:38.830+0800: [GC (Allocation Failure) [PSYoungGen: 305654K->43518K(160256K)] 641209K->458335K(859648K), 0.0131788 secs] [Times: user=0.01 sys=0.00, real=0.01 secs]
2021-08-14T11:02:38.861+0800: [GC (Allocation Failure) [PSYoungGen: 160254K->74438K(232960K)] 575071K->496994K(932352K), 0.0078742 secs] [Times: user=0.00 sys=0.00, real=0.01 secs]
2021-08-14T11:02:38.886+0800: [GC (Allocation Failure) [PSYoungGen: 191174K->100790K(232960K)] 613730K->531852K(932352K), 0.0101628 secs] [Times: user=0.20 sys=0.00, real=0.01 secs]
2021-08-14T11:02:38.914+0800: [GC (Allocation Failure) [PSYoungGen: 217526K->114489K(232960K)] 648588K->562778K(932352K), 0.0123957 secs] [Times: user=0.17 sys=0.02, real=0.01 secs]
2021-08-14T11:02:38.944+0800: [GC (Allocation Failure) [PSYoungGen: 231225K->76038K(232960K)] 679514K->588495K(932352K), 0.0127929 secs] [Times: user=0.08 sys=0.13, real=0.01 secs]
2021-08-14T11:02:38.973+0800: [GC (Allocation Failure) [PSYoungGen: 192525K->42307K(232960K)] 704982K->623432K(932352K), 0.0111314 secs] [Times: user=0.09 sys=0.11, real=0.01 secs]
2021-08-14T11:02:39.000+0800: [GC (Allocation Failure) [PSYoungGen: 159043K->38699K(232960K)] 740168K->657199K(932352K), 0.0072415 secs] [Times: user=0.00 sys=0.00, real=0.01 secs]
2021-08-14T11:02:39.007+0800: [Full GC (Ergonomics) [PSYoungGen: 38699K->0K(232960K)] [ParOldGen: 618500K->328461K(699392K)] 657199K->328461K(932352K), [Metaspace: 2646K->2646K(1056768K)], 0.0387599 secs] [Times: user=0.41 sys=0.02, real=0.04 secs]
2021-08-14T11:02:39.064+0800: [GC (Allocation Failure) [PSYoungGen: 116736K->42465K(232960K)] 445197K->370927K(932352K), 0.0044553 secs] [Times: user=0.00 sys=0.00, real=0.01 secs]
2021-08-14T11:02:39.087+0800: [GC (Allocation Failure) [PSYoungGen: 159201K->37375K(232960K)] 487663K->404601K(932352K), 0.0069842 secs] [Times: user=0.20 sys=0.00, real=0.01 secs]
2021-08-14T11:02:39.113+0800: [GC (Allocation Failure) [PSYoungGen: 154111K->43542K(232960K)] 521337K->444285K(932352K), 0.0074167 secs] [Times: user=0.00 sys=0.00, real=0.01 secs]
2021-08-14T11:02:39.137+0800: [GC (Allocation Failure) [PSYoungGen: 160278K->41044K(232960K)] 561021K->480846K(932352K), 0.0079063 secs] [Times: user=0.20 sys=0.00, real=0.01 secs]
2021-08-14T11:02:39.162+0800: [GC (Allocation Failure) [PSYoungGen: 157780K->42416K(232960K)] 597582K->521327K(932352K), 0.0076854 secs] [Times: user=0.00 sys=0.00, real=0.01 secs]
2021-08-14T11:02:39.188+0800: [GC (Allocation Failure) [PSYoungGen: 158892K->36246K(232960K)] 637803K->555527K(932352K), 0.0069900 secs] [Times: user=0.00 sys=0.00, real=0.01 secs]
2021-08-14T11:02:39.212+0800: [GC (Allocation Failure) [PSYoungGen: 152982K->37234K(232960K)] 672263K->590164K(932352K), 0.0065638 secs] [Times: user=0.20 sys=0.00, real=0.01 secs]
2021-08-14T11:02:39.238+0800: [GC (Allocation Failure) [PSYoungGen: 153970K->39823K(232960K)] 706900K->626627K(932352K), 0.0067208 secs] [Times: user=0.00 sys=0.00, real=0.01 secs]
2021-08-14T11:02:39.263+0800: [GC (Allocation Failure) [PSYoungGen: 155940K->38149K(232960K)] 742744K->660056K(932352K), 0.0069483 secs] [Times: user=0.20 sys=0.00, real=0.01 secs]
2021-08-14T11:02:39.288+0800: [GC (Allocation Failure) [PSYoungGen: 154838K->40462K(232960K)] 776745K->695605K(932352K), 0.0073448 secs] [Times: user=0.16 sys=0.05, real=0.01 secs]
2021-08-14T11:02:39.296+0800: [Full GC (Ergonomics) [PSYoungGen: 40462K->0K(232960K)] [ParOldGen: 655142K->360691K(699392K)] 695605K->360691K(932352K), [Metaspace: 2646K->2646K(1056768K)], 0.0396801 secs] [Times: user=0.39 sys=0.00, real=0.04 secs]
2021-08-14T11:02:39.355+0800: [GC (Allocation Failure) [PSYoungGen: 116313K->40789K(232960K)] 477005K->401480K(932352K), 0.0042368 secs] [Times: user=0.20 sys=0.00, real=0.00 secs]
2021-08-14T11:02:39.378+0800: [GC (Allocation Failure) [PSYoungGen: 157525K->39160K(232960K)] 518216K->438486K(932352K), 0.0069585 secs] [Times: user=0.00 sys=0.00, real=0.01 secs]
2021-08-14T11:02:39.403+0800: [GC (Allocation Failure) [PSYoungGen: 155896K->38766K(232960K)] 555222K->470955K(932352K), 0.0064695 secs] [Times: user=0.20 sys=0.00, real=0.01 secs]
2021-08-14T11:02:39.427+0800: [GC (Allocation Failure) [PSYoungGen: 155502K->40659K(232960K)] 587691K->507512K(932352K), 0.0073350 secs] [Times: user=0.00 sys=0.00, real=0.01 secs]
执行结束，共生成对象次数：15038
Heap
 PSYoungGen      total 232960K, used 131312K [0x00000000eab00000, 0x0000000100000000, 0x0000000100000000)
  eden space 116736K, 77% used [0x00000000eab00000,0x00000000f03870d0,0x00000000f1d00000)
  from space 116224K, 34% used [0x00000000f8e80000,0x00000000fb634fa8,0x0000000100000000)
  to   space 116224K, 0% used [0x00000000f1d00000,0x00000000f1d00000,0x00000000f8e80000)
 ParOldGen       total 699392K, used 466852K [0x00000000c0000000, 0x00000000eab00000, 0x00000000eab00000)
  object space 699392K, 66% used [0x00000000c0000000,0x00000000dc7e9330,0x00000000eab00000)
 Metaspace       used 2652K, capacity 4486K, committed 4864K, reserved 1056768K
  class space    used 291K, capacity 386K, committed 512K, reserved 1048576K
  
------------------------------------------------------------------------------------------------------------------------------------------------------------
# 串行gc  UseSerialGC

D:\jike-workspace\works\src\main\java>java -XX:+PrintGCDetails -XX:+PrintGCDateStamps -Xmx1g -Xms1g -XX:+UseSerialGC com.jikework.works.secondworks.GCLogAnalysis
正在执行...
2021-08-14T11:41:27.918+0800: [GC (Allocation Failure) 2021-08-14T11:41:27.918+0800: [DefNew: 279616K->34944K(314560K), 0.0344493 secs] 279616K->87108K(1013632K), 0.0352477 secs] [Times: user=0.02 sys=0.03, real=0.04 secs]
2021-08-14T11:41:27.998+0800: [GC (Allocation Failure) 2021-08-14T11:41:27.999+0800: [DefNew: 314560K->34943K(314560K), 0.0438207 secs] 366724K->167042K(1013632K), 0.0445771 secs] [Times: user=0.01 sys=0.02, real=0.05 secs]
2021-08-14T11:41:28.087+0800: [GC (Allocation Failure) 2021-08-14T11:41:28.088+0800: [DefNew: 314559K->34943K(314560K), 0.0326179 secs] 446658K->245581K(1013632K), 0.0332785 secs] [Times: user=0.02 sys=0.01, real=0.03 secs]
2021-08-14T11:41:28.164+0800: [GC (Allocation Failure) 2021-08-14T11:41:28.164+0800: [DefNew: 314559K->34943K(314560K), 0.0303313 secs] 525197K->322581K(1013632K), 0.0309855 secs] [Times: user=0.01 sys=0.02, real=0.03 secs]
2021-08-14T11:41:28.237+0800: [GC (Allocation Failure) 2021-08-14T11:41:28.238+0800: [DefNew: 314240K->34943K(314560K), 0.0310493 secs] 601878K->399215K(1013632K), 0.0317468 secs] [Times: user=0.00 sys=0.03, real=0.03 secs]
2021-08-14T11:41:28.314+0800: [GC (Allocation Failure) 2021-08-14T11:41:28.314+0800: [DefNew: 314559K->34944K(314560K), 0.0298293 secs] 678831K->473307K(1013632K), 0.0304602 secs] [Times: user=0.02 sys=0.02, real=0.03 secs]
2021-08-14T11:41:28.387+0800: [GC (Allocation Failure) 2021-08-14T11:41:28.388+0800: [DefNew: 314560K->34943K(314560K), 0.0324954 secs] 752923K->555923K(1013632K), 0.0331758 secs] [Times: user=0.00 sys=0.05, real=0.03 secs]
2021-08-14T11:41:28.467+0800: [GC (Allocation Failure) 2021-08-14T11:41:28.468+0800: [DefNew: 314559K->34943K(314560K), 0.0293175 secs] 835539K->628050K(1013632K), 0.0299672 secs] [Times: user=0.00 sys=0.01, real=0.03 secs]
2021-08-14T11:41:28.540+0800: [GC (Allocation Failure) 2021-08-14T11:41:28.541+0800: [DefNew: 314559K->34943K(314560K), 0.0298434 secs] 907666K->703246K(1013632K), 0.0307002 secs] [Times: user=0.00 sys=0.03, real=0.03 secs]
2021-08-14T11:41:28.616+0800: [GC (Allocation Failure) 2021-08-14T11:41:28.617+0800: [DefNew: 314559K->314559K(314560K), 0.0001092 secs]2021-08-14T11:41:28.617+0800: [Tenured: 668302K->386090K(699072K), 0.0393366 secs] 982862K->386090K(1013632K), [Metaspace: 2646K->2646K(1056768K)], 0.0412633 secs] [Times: user=0.05 sys=0.00, real=0.04 secs]
2021-08-14T11:41:28.699+0800: [GC (Allocation Failure) 2021-08-14T11:41:28.700+0800: [DefNew: 279616K->34943K(314560K), 0.0096583 secs] 665706K->471854K(1013632K), 0.0104054 secs] [Times: user=0.02 sys=0.00, real=0.01 secs]
2021-08-14T11:41:28.754+0800: [GC (Allocation Failure) 2021-08-14T11:41:28.755+0800: [DefNew: 314559K->34944K(314560K), 0.0130440 secs] 751470K->555098K(1013632K), 0.0137905 secs] [Times: user=0.02 sys=0.00, real=0.01 secs]
执行结束，共生成对象次数：13009
Heap
 def new generation   total 314560K, used 150677K [0x00000000c0000000, 0x00000000d5550000, 0x00000000d5550000)
  eden space 279616K,  41% used [0x00000000c0000000, 0x00000000c7105438, 0x00000000d1110000)
  from space 34944K, 100% used [0x00000000d3330000, 0x00000000d5550000, 0x00000000d5550000)
  to   space 34944K,   0% used [0x00000000d1110000, 0x00000000d1110000, 0x00000000d3330000)
 tenured generation   total 699072K, used 520154K [0x00000000d5550000, 0x0000000100000000, 0x0000000100000000)
   the space 699072K,  74% used [0x00000000d5550000, 0x00000000f51468b8, 0x00000000f5146a00, 0x0000000100000000)
 Metaspace       used 2652K, capacity 4486K, committed 4864K, reserved 1056768K
  class space    used 291K, capacity 386K, committed 512K, reserved 1048576K

----------------------------------------------------------------------------------------------------------------------------------------------------
# 串行gc  UseParNewGC
D:\jike-workspace\works\src\main\java>java -XX:+PrintGCDetails -XX:+PrintGCDateStamps -Xmx1g -Xms1g -XX:+UseParNewGC com.jikework.works.secondworks.GCLogAnalysis
Java HotSpot(TM) 64-Bit Server VM warning: Using the ParNew young collector with the Serial old collector is deprecated and will likely be removed in a future release
正在执行...
2021-08-14T12:07:54.043+0800: [GC (Allocation Failure) 2021-08-14T12:07:54.043+0800: [ParNew: 279616K->34941K(314560K), 0.0103203 secs] 279616K->79901K(1013632K), 0.0110903 secs] [Times: user=0.05 sys=0.16, real=0.01 secs]
2021-08-14T12:07:54.098+0800: [GC (Allocation Failure) 2021-08-14T12:07:54.098+0800: [ParNew: 314557K->34944K(314560K), 0.0128199 secs] 359517K->158592K(1013632K), 0.0135770 secs] [Times: user=0.06 sys=0.14, real=0.01 secs]
2021-08-14T12:07:54.156+0800: [GC (Allocation Failure) 2021-08-14T12:07:54.156+0800: [ParNew: 314560K->34944K(314560K), 0.0327839 secs] 438208K->243574K(1013632K), 0.0334509 secs] [Times: user=0.38 sys=0.03, real=0.03 secs]
2021-08-14T12:07:54.232+0800: [GC (Allocation Failure) 2021-08-14T12:07:54.233+0800: [ParNew: 314560K->34944K(314560K), 0.0327412 secs] 523190K->321320K(1013632K), 0.0334714 secs] [Times: user=0.38 sys=0.03, real=0.03 secs]
2021-08-14T12:07:54.311+0800: [GC (Allocation Failure) 2021-08-14T12:07:54.312+0800: [ParNew: 314560K->34943K(314560K), 0.0341764 secs] 600936K->401765K(1013632K), 0.0349348 secs] [Times: user=0.39 sys=0.02, real=0.03 secs]
2021-08-14T12:07:54.389+0800: [GC (Allocation Failure) 2021-08-14T12:07:54.389+0800: [ParNew: 314559K->34942K(314560K), 0.0327378 secs] 681381K->479832K(1013632K), 0.0334266 secs] [Times: user=0.56 sys=0.03, real=0.03 secs]
2021-08-14T12:07:54.466+0800: [GC (Allocation Failure) 2021-08-14T12:07:54.467+0800: [ParNew: 314307K->34943K(314560K), 0.0337276 secs] 759197K->559905K(1013632K), 0.0344245 secs] [Times: user=0.38 sys=0.03, real=0.03 secs]
2021-08-14T12:07:54.546+0800: [GC (Allocation Failure) 2021-08-14T12:07:54.546+0800: [ParNew: 314559K->34942K(314560K), 0.0315991 secs] 839521K->640530K(1013632K), 0.0323241 secs] [Times: user=0.41 sys=0.00, real=0.03 secs]
2021-08-14T12:07:54.622+0800: [GC (Allocation Failure) 2021-08-14T12:07:54.622+0800: [ParNew: 314558K->314558K(314560K), 0.0001063 secs]2021-08-14T12:07:54.622+0800: [Tenured: 605588K->376719K(699072K), 0.0375552 secs] 920146K->376719K(1013632K), [Metaspace: 2646K->2646K(1056768K)], 0.0391217 secs] [Times: user=0.05 sys=0.00, real=0.04 secs]
2021-08-14T12:07:54.702+0800: [GC (Allocation Failure) 2021-08-14T12:07:54.702+0800: [ParNew: 279616K->34943K(314560K), 0.0098172 secs] 656335K->467136K(1013632K), 0.0105303 secs] [Times: user=0.00 sys=0.00, real=0.01 secs]
2021-08-14T12:07:54.758+0800: [GC (Allocation Failure) 2021-08-14T12:07:54.759+0800: [ParNew: 314157K->34943K(314560K), 0.0116433 secs] 746350K->540332K(1013632K), 0.0123344 secs] [Times: user=0.20 sys=0.00, real=0.01 secs]
2021-08-14T12:07:54.812+0800: [GC (Allocation Failure) 2021-08-14T12:07:54.813+0800: [ParNew: 314559K->34943K(314560K), 0.0132340 secs] 819948K->626734K(1013632K), 0.0141175 secs] [Times: user=0.00 sys=0.00, real=0.01 secs]
2021-08-14T12:07:54.872+0800: [GC (Allocation Failure) 2021-08-14T12:07:54.872+0800: [ParNew: 314559K->34942K(314560K), 0.0311060 secs] 906350K->708568K(1013632K), 0.0318750 secs] [Times: user=0.38 sys=0.03, real=0.03 secs]
执行结束，共生成对象次数：14216
Heap
 par new generation   total 314560K, used 165142K [0x00000000c0000000, 0x00000000d5550000, 0x00000000d5550000)
  eden space 279616K,  46% used [0x00000000c0000000, 0x00000000c7f25ca0, 0x00000000d1110000)
  from space 34944K,  99% used [0x00000000d1110000, 0x00000000d332fbd0, 0x00000000d3330000)
  to   space 34944K,   0% used [0x00000000d3330000, 0x00000000d3330000, 0x00000000d5550000)
 tenured generation   total 699072K, used 673625K [0x00000000d5550000, 0x0000000100000000, 0x0000000100000000)
   the space 699072K,  96% used [0x00000000d5550000, 0x00000000fe7267d8, 0x00000000fe726800, 0x0000000100000000)
 Metaspace       used 2652K, capacity 4486K, committed 4864K, reserved 1056768K
  class space    used 291K, capacity 386K, committed 512K, reserved 1048576K
  
-------------------------------------------------------------------------------------------------------------------------------------------------
# 并行gc ParallelGC

D:\jike-workspace\works\src\main\java>java -XX:+PrintGCDetails -XX:+PrintGCDateStamps -Xmx1g -Xms1g -XX:+UseParallelGC com.jikework.works.secondworks.GCLogAnalysis
正在执行...
2021-08-14T12:11:59.435+0800: [GC (Allocation Failure) [PSYoungGen: 261598K->43508K(305664K)] 261598K->82179K(1005056K), 0.0102004 secs] [Times: user=0.00 sys=0.00, real=0.01 secs]
2021-08-14T12:11:59.486+0800: [GC (Allocation Failure) [PSYoungGen: 305652K->43516K(305664K)] 344323K->162955K(1005056K), 0.0146993 secs] [Times: user=0.02 sys=0.19, real=0.01 secs]
2021-08-14T12:11:59.540+0800: [GC (Allocation Failure) [PSYoungGen: 305660K->43516K(305664K)] 425099K->229858K(1005056K), 0.0122297 secs] [Times: user=0.02 sys=0.19, real=0.01 secs]
2021-08-14T12:11:59.591+0800: [GC (Allocation Failure) [PSYoungGen: 305660K->43510K(305664K)] 492002K->304298K(1005056K), 0.0133244 secs] [Times: user=0.20 sys=0.00, real=0.01 secs]
2021-08-14T12:11:59.644+0800: [GC (Allocation Failure) [PSYoungGen: 305476K->43515K(305664K)] 566265K->377513K(1005056K), 0.0131724 secs] [Times: user=0.03 sys=0.17, real=0.01 secs]
2021-08-14T12:11:59.698+0800: [GC (Allocation Failure) [PSYoungGen: 305659K->43508K(160256K)] 639657K->447445K(859648K), 0.0133339 secs] [Times: user=0.20 sys=0.00, real=0.01 secs]
2021-08-14T12:11:59.730+0800: [GC (Allocation Failure) [PSYoungGen: 160244K->69795K(232960K)] 564181K->482895K(932352K), 0.0081445 secs] [Times: user=0.13 sys=0.08, real=0.01 secs]
2021-08-14T12:11:59.755+0800: [GC (Allocation Failure) [PSYoungGen: 185974K->96233K(232960K)] 599074K->518240K(932352K), 0.0101572 secs] [Times: user=0.16 sys=0.05, real=0.01 secs]
2021-08-14T12:11:59.783+0800: [GC (Allocation Failure) [PSYoungGen: 212969K->110382K(232960K)] 634976K->550393K(932352K), 0.0112791 secs] [Times: user=0.00 sys=0.00, real=0.01 secs]
2021-08-14T12:11:59.811+0800: [GC (Allocation Failure) [PSYoungGen: 226954K->77819K(232960K)] 666966K->579819K(932352K), 0.0115814 secs] [Times: user=0.00 sys=0.00, real=0.01 secs]
2021-08-14T12:11:59.840+0800: [GC (Allocation Failure) [PSYoungGen: 194555K->46519K(232960K)] 696555K->616976K(932352K), 0.0108176 secs] [Times: user=0.08 sys=0.13, real=0.01 secs]
2021-08-14T12:11:59.868+0800: [GC (Allocation Failure) [PSYoungGen: 163227K->43793K(232960K)] 733683K->654475K(932352K), 0.0080640 secs] [Times: user=0.02 sys=0.19, real=0.01 secs]
2021-08-14T12:11:59.876+0800: [Full GC (Ergonomics) [PSYoungGen: 43793K->0K(232960K)] [ParOldGen: 610682K->339692K(699392K)] 654475K->339692K(932352K), [Metaspace: 2646K->2646K(1056768K)], 0.0397416 secs] [Times: user=0.36 sys=0.03, real=0.04 secs]
2021-08-14T12:11:59.934+0800: [GC (Allocation Failure) [PSYoungGen: 116736K->43035K(232960K)] 456428K->382727K(932352K), 0.0045711 secs] [Times: user=0.20 sys=0.00, real=0.00 secs]
2021-08-14T12:11:59.958+0800: [GC (Allocation Failure) [PSYoungGen: 159771K->39834K(232960K)] 499463K->417606K(932352K), 0.0073013 secs] [Times: user=0.00 sys=0.00, real=0.01 secs]
2021-08-14T12:11:59.983+0800: [GC (Allocation Failure) [PSYoungGen: 156570K->37663K(232960K)] 534342K->451238K(932352K), 0.0074607 secs] [Times: user=0.00 sys=0.00, real=0.01 secs]
2021-08-14T12:12:00.009+0800: [GC (Allocation Failure) [PSYoungGen: 153921K->38474K(232960K)] 567497K->486248K(932352K), 0.0073948 secs] [Times: user=0.20 sys=0.00, real=0.01 secs]
2021-08-14T12:12:00.032+0800: [GC (Allocation Failure) [PSYoungGen: 155210K->43221K(232960K)] 602984K->527063K(932352K), 0.0076351 secs] [Times: user=0.00 sys=0.00, real=0.01 secs]
2021-08-14T12:12:00.058+0800: [GC (Allocation Failure) [PSYoungGen: 159957K->32606K(232960K)] 643799K->553762K(932352K), 0.0073274 secs] [Times: user=0.20 sys=0.00, real=0.01 secs]
2021-08-14T12:12:00.083+0800: [GC (Allocation Failure) [PSYoungGen: 149342K->38228K(232960K)] 670498K->589193K(932352K), 0.0066036 secs] [Times: user=0.00 sys=0.00, real=0.01 secs]
2021-08-14T12:12:00.109+0800: [GC (Allocation Failure) [PSYoungGen: 154964K->33691K(232960K)] 705929K->618933K(932352K), 0.0065428 secs] [Times: user=0.00 sys=0.00, real=0.01 secs]
2021-08-14T12:12:00.133+0800: [GC (Allocation Failure) [PSYoungGen: 150427K->38606K(232960K)] 735669K->653796K(932352K), 0.0071462 secs] [Times: user=0.17 sys=0.03, real=0.01 secs]
2021-08-14T12:12:00.160+0800: [GC (Allocation Failure) [PSYoungGen: 155342K->36917K(232960K)] 770532K->687525K(932352K), 0.0069232 secs] [Times: user=0.00 sys=0.00, real=0.01 secs]
2021-08-14T12:12:00.167+0800: [Full GC (Ergonomics) [PSYoungGen: 36917K->0K(232960K)] [ParOldGen: 650607K->359995K(699392K)] 687525K->359995K(932352K), [Metaspace: 2646K->2646K(1056768K)], 0.0375916 secs] [Times: user=0.59 sys=0.00, real=0.04 secs]
2021-08-14T12:12:00.224+0800: [GC (Allocation Failure) [PSYoungGen: 116736K->39233K(232960K)] 476731K->399228K(932352K), 0.0041488 secs] [Times: user=0.00 sys=0.00, real=0.00 secs]
2021-08-14T12:12:00.245+0800: [GC (Allocation Failure) [PSYoungGen: 155689K->36480K(232960K)] 515685K->433305K(932352K), 0.0075222 secs] [Times: user=0.20 sys=0.00, real=0.01 secs]
2021-08-14T12:12:00.271+0800: [GC (Allocation Failure) [PSYoungGen: 153216K->38329K(232960K)] 550041K->468391K(932352K), 0.0067181 secs] [Times: user=0.00 sys=0.00, real=0.01 secs]
2021-08-14T12:12:00.295+0800: [GC (Allocation Failure) [PSYoungGen: 155065K->39806K(234496K)] 585127K->504899K(933888K), 0.0069698 secs] [Times: user=0.20 sys=0.00, real=0.01 secs]
执行结束，共生成对象次数：15026
Heap
 PSYoungGen      total 234496K, used 88278K [0x00000000eab00000, 0x0000000100000000, 0x0000000100000000)
  eden space 118272K, 40% used [0x00000000eab00000,0x00000000eda56318,0x00000000f1e80000)
  from space 116224K, 34% used [0x00000000f8e80000,0x00000000fb55f8d0,0x0000000100000000)
  to   space 114688K, 0% used [0x00000000f1e80000,0x00000000f1e80000,0x00000000f8e80000)
 ParOldGen       total 699392K, used 465093K [0x00000000c0000000, 0x00000000eab00000, 0x00000000eab00000)
  object space 699392K, 66% used [0x00000000c0000000,0x00000000dc631408,0x00000000eab00000)
 Metaspace       used 2652K, capacity 4486K, committed 4864K, reserved 1056768K
  class space    used 291K, capacity 386K, committed 512K, reserved 1048576K
  
------------------------------------------------------------------------------------------------------------------------------------------------------
# CMSGC UseConcMarkSweepGC

D:\jike-workspace\works\src\main\java>java -XX:+PrintGCDetails -XX:+PrintGCDateStamps -Xmx1g -Xms1g -XX:+UseConcMarkSweepGC com.jikework.works.secondworks.GCLogAnalysis
正在执行...
2021-08-14T12:12:58.469+0800: [GC (Allocation Failure) 2021-08-14T12:12:58.470+0800: [ParNew: 278967K->34943K(314560K), 0.0109090 secs] 278967K->89151K(1013632K), 0.0117710 secs] [Times: user=0.00 sys=0.00, real=0.01 secs]
2021-08-14T12:12:58.528+0800: [GC (Allocation Failure) 2021-08-14T12:12:58.529+0800: [ParNew: 314559K->34943K(314560K), 0.0138529 secs] 368767K->168694K(1013632K), 0.0146268 secs] [Times: user=0.02 sys=0.03, real=0.01 secs]
2021-08-14T12:12:58.588+0800: [GC (Allocation Failure) 2021-08-14T12:12:58.589+0800: [ParNew: 314559K->34944K(314560K), 0.0337251 secs] 448310K->246585K(1013632K), 0.0344902 secs] [Times: user=0.38 sys=0.03, real=0.03 secs]
2021-08-14T12:12:58.667+0800: [GC (Allocation Failure) 2021-08-14T12:12:58.668+0800: [ParNew: 314560K->34944K(314560K), 0.0318284 secs] 526201K->323546K(1013632K), 0.0326241 secs] [Times: user=0.38 sys=0.03, real=0.03 secs]
2021-08-14T12:12:58.745+0800: [GC (Allocation Failure) 2021-08-14T12:12:58.746+0800: [ParNew: 314560K->34941K(314560K), 0.0296276 secs] 603162K->395548K(1013632K), 0.0303705 secs] [Times: user=0.39 sys=0.02, real=0.03 secs]
2021-08-14T12:12:58.785+0800: [GC (CMS Initial Mark) [1 CMS-initial-mark: 360607K(699072K)] 455639K(1013632K), 0.0009044 secs] [Times: user=0.00 sys=0.00, real=0.00 secs]
2021-08-14T12:12:58.786+0800: [CMS-concurrent-mark-start]
2021-08-14T12:12:58.788+0800: [CMS-concurrent-mark: 0.002/0.002 secs] [Times: user=0.00 sys=0.00, real=0.00 secs]
2021-08-14T12:12:58.788+0800: [CMS-concurrent-preclean-start]
2021-08-14T12:12:58.789+0800: [CMS-concurrent-preclean: 0.001/0.001 secs] [Times: user=0.00 sys=0.00, real=0.00 secs]
2021-08-14T12:12:58.790+0800: [CMS-concurrent-abortable-preclean-start]
2021-08-14T12:12:58.820+0800: [GC (Allocation Failure) 2021-08-14T12:12:58.821+0800: [ParNew: 314557K->34942K(314560K), 0.0334968 secs] 675164K->474799K(1013632K), 0.0341849 secs] [Times: user=0.36 sys=0.05, real=0.03 secs]
2021-08-14T12:12:58.897+0800: [GC (Allocation Failure) 2021-08-14T12:12:58.898+0800: [ParNew: 314558K->34943K(314560K), 0.0337622 secs] 754415K->554348K(1013632K), 0.0344674 secs] [Times: user=0.39 sys=0.01, real=0.03 secs]
2021-08-14T12:12:58.975+0800: [GC (Allocation Failure) 2021-08-14T12:12:58.975+0800: [ParNew: 314559K->34943K(314560K), 0.0309580 secs] 833964K->626057K(1013632K), 0.0316711 secs] [Times: user=0.39 sys=0.02, real=0.03 secs]
2021-08-14T12:12:59.049+0800: [GC (Allocation Failure) 2021-08-14T12:12:59.050+0800: [ParNew: 314559K->34941K(314560K), 0.0366779 secs] 905673K->711832K(1013632K), 0.0374175 secs] [Times: user=0.39 sys=0.02, real=0.04 secs]
2021-08-14T12:12:59.087+0800: [CMS-concurrent-abortable-preclean: 0.005/0.297 secs] [Times: user=1.70 sys=0.09, real=0.30 secs]
2021-08-14T12:12:59.088+0800: [GC (CMS Final Remark) [YG occupancy: 41280 K (314560 K)]2021-08-14T12:12:59.088+0800: [Rescan (parallel) , 0.0003376 secs]2021-08-14T12:12:59.089+0800: [weak refs processing, 0.0000786 secs]2021-08-14T12:12:59.089+0800: [class unloading, 0.0002955 secs]2021-08-14T12:12:59.090+0800: [scrub symbol table, 0.0004286 secs]2021-08-14T12:12:59.090+0800: [scrub string table, 0.0005429 secs][1 CMS-remark: 676891K(699072K)] 718171K(1013632K), 0.0026192 secs] [Times: user=0.00 sys=0.00, real=0.00 secs]
2021-08-14T12:12:59.091+0800: [CMS-concurrent-sweep-start]
2021-08-14T12:12:59.092+0800: [CMS-concurrent-sweep: 0.001/0.001 secs] [Times: user=0.02 sys=0.00, real=0.00 secs]
2021-08-14T12:12:59.093+0800: [CMS-concurrent-reset-start]
2021-08-14T12:12:59.094+0800: [CMS-concurrent-reset: 0.001/0.001 secs] [Times: user=0.00 sys=0.00, real=0.00 secs]
2021-08-14T12:12:59.133+0800: [GC (Allocation Failure) 2021-08-14T12:12:59.133+0800: [ParNew: 314557K->34943K(314560K), 0.0127772 secs] 850116K->650374K(1013632K), 0.0135415 secs] [Times: user=0.20 sys=0.00, real=0.01 secs]
2021-08-14T12:12:59.147+0800: [GC (CMS Initial Mark) [1 CMS-initial-mark: 615430K(699072K)] 650479K(1013632K), 0.0005625 secs] [Times: user=0.00 sys=0.00, real=0.00 secs]
2021-08-14T12:12:59.148+0800: [CMS-concurrent-mark-start]
2021-08-14T12:12:59.150+0800: [CMS-concurrent-mark: 0.002/0.002 secs] [Times: user=0.00 sys=0.00, real=0.00 secs]
2021-08-14T12:12:59.150+0800: [CMS-concurrent-preclean-start]
2021-08-14T12:12:59.152+0800: [CMS-concurrent-preclean: 0.001/0.001 secs] [Times: user=0.00 sys=0.00, real=0.00 secs]
2021-08-14T12:12:59.152+0800: [CMS-concurrent-abortable-preclean-start]
2021-08-14T12:12:59.190+0800: [GC (Allocation Failure) 2021-08-14T12:12:59.191+0800: [ParNew: 314559K->314559K(314560K), 0.0001207 secs]2021-08-14T12:12:59.191+0800: [CMS2021-08-14T12:12:59.191+0800: [CMS-concurrent-abortable-preclean: 0.001/0.039 secs] [Times: user=0.05 sys=0.00, real=0.04 secs]
 (concurrent mode failure): 615430K->339026K(699072K), 0.0407771 secs] 929990K->339026K(1013632K), [Metaspace: 2646K->2646K(1056768K)], 0.0417730 secs] [Times: user=0.03 sys=0.00, real=0.04 secs]
2021-08-14T12:12:59.274+0800: [GC (Allocation Failure) 2021-08-14T12:12:59.275+0800: [ParNew: 279616K->34942K(314560K), 0.0098374 secs] 618642K->423976K(1013632K), 0.0106874 secs] [Times: user=0.20 sys=0.00, real=0.01 secs]
2021-08-14T12:12:59.326+0800: [GC (Allocation Failure) 2021-08-14T12:12:59.327+0800: [ParNew: 314558K->34942K(314560K), 0.0125482 secs] 703592K->501746K(1013632K), 0.0132901 secs] [Times: user=0.00 sys=0.00, real=0.01 secs]
2021-08-14T12:12:59.340+0800: [GC (CMS Initial Mark) [1 CMS-initial-mark: 466803K(699072K)] 501890K(1013632K), 0.0005188 secs] [Times: user=0.00 sys=0.00, real=0.00 secs]
2021-08-14T12:12:59.341+0800执行结束，共生成对象次数：13800:
[CMS-concurrent-mark-start]
Heap
 par new generation   total 314560K, used 46239K [0x00000000c0000000, 0x00000000d5550000, 0x00000000d5550000)
  eden space 279616K,   4% used [0x00000000c0000000, 0x00000000c0b08460, 0x00000000d1110000)
  from space 34944K,  99% used [0x00000000d1110000, 0x00000000d332fa50, 0x00000000d3330000)
  to   space 34944K,   0% used [0x00000000d3330000, 0x00000000d3330000, 0x00000000d5550000)
 concurrent mark-sweep generation total 699072K, used 466803K [0x00000000d5550000, 0x0000000100000000, 0x0000000100000000)
 Metaspace       used 2652K, capacity 4486K, committed 4864K, reserved 1056768K
  class space    used 291K, capacity 386K, committed 512K, reserved 1048576K
2021-08-14T12:12:59.346+0800: [CMS-concurrent-mark: 0.001/0.001 secs] [Times: user=0.02 sys=0.00, real=0.00 secs]

-----------------------------------------------------------------------------------------------------------------------------------------------
# G1GC UseG1GC

D:\jike-workspace\works\src\main\java>java -XX:+PrintGCDetails -XX:+PrintGCDateStamps -Xmx1g -Xms1g -XX:+UseG1GC com.jikework.works.secondworks.GCLogAnalysis
正在执行...
2021-08-14T12:14:45.264+0800: [GC pause (G1 Evacuation Pause) (young), 0.0038151 secs]
   [Parallel Time: 2.6 ms, GC Workers: 13]
      [GC Worker Start (ms): Min: 216.7, Avg: 216.7, Max: 216.8, Diff: 0.1]
      [Ext Root Scanning (ms): Min: 0.1, Avg: 0.1, Max: 0.3, Diff: 0.2, Sum: 1.9]
      [Update RS (ms): Min: 0.0, Avg: 0.0, Max: 0.0, Diff: 0.0, Sum: 0.0]
         [Processed Buffers: Min: 0, Avg: 0.0, Max: 0, Diff: 0, Sum: 0]
      [Scan RS (ms): Min: 0.0, Avg: 0.0, Max: 0.0, Diff: 0.0, Sum: 0.1]
      [Code Root Scanning (ms): Min: 0.0, Avg: 0.0, Max: 0.0, Diff: 0.0, Sum: 0.0]
      [Object Copy (ms): Min: 2.0, Avg: 2.1, Max: 2.2, Diff: 0.2, Sum: 27.0]
      [Termination (ms): Min: 0.0, Avg: 0.1, Max: 0.2, Diff: 0.2, Sum: 1.5]
         [Termination Attempts: Min: 1, Avg: 1.0, Max: 1, Diff: 0, Sum: 13]
      [GC Worker Other (ms): Min: 0.0, Avg: 0.1, Max: 0.1, Diff: 0.1, Sum: 0.8]
      [GC Worker Total (ms): Min: 2.4, Avg: 2.4, Max: 2.5, Diff: 0.1, Sum: 31.4]
      [GC Worker End (ms): Min: 219.2, Avg: 219.2, Max: 219.2, Diff: 0.0]
   [Code Root Fixup: 0.0 ms]
   [Code Root Purge: 0.0 ms]
   [Clear CT: 0.1 ms]
   [Other: 1.1 ms]
      [Choose CSet: 0.0 ms]
      [Ref Proc: 0.2 ms]
      [Ref Enq: 0.0 ms]
      [Redirty Cards: 0.1 ms]
      [Humongous Register: 0.1 ms]
      [Humongous Reclaim: 0.0 ms]
      [Free CSet: 0.0 ms]
   [Eden: 51.0M(51.0M)->0.0B(44.0M) Survivors: 0.0B->7168.0K Heap: 60.4M(1024.0M)->21.1M(1024.0M)]
 [Times: user=0.00 sys=0.00, real=0.01 secs]
2021-08-14T12:14:45.285+0800: [GC pause (G1 Evacuation Pause) (young), 0.0036906 secs]
   [Parallel Time: 2.9 ms, GC Workers: 13]
      [GC Worker Start (ms): Min: 237.6, Avg: 237.6, Max: 237.7, Diff: 0.2]
      [Ext Root Scanning (ms): Min: 0.0, Avg: 0.2, Max: 0.5, Diff: 0.4, Sum: 2.2]
      [Update RS (ms): Min: 0.0, Avg: 0.0, Max: 0.2, Diff: 0.2, Sum: 0.5]
         [Processed Buffers: Min: 0, Avg: 0.7, Max: 3, Diff: 3, Sum: 9]
      [Scan RS (ms): Min: 0.0, Avg: 0.0, Max: 0.0, Diff: 0.0, Sum: 0.1]
      [Code Root Scanning (ms): Min: 0.0, Avg: 0.0, Max: 0.0, Diff: 0.0, Sum: 0.0]
      [Object Copy (ms): Min: 2.3, Avg: 2.4, Max: 2.6, Diff: 0.3, Sum: 31.1]
      [Termination (ms): Min: 0.0, Avg: 0.2, Max: 0.3, Diff: 0.3, Sum: 2.0]
         [Termination Attempts: Min: 1, Avg: 1.0, Max: 1, Diff: 0, Sum: 13]
      [GC Worker Other (ms): Min: 0.0, Avg: 0.0, Max: 0.0, Diff: 0.0, Sum: 0.2]
      [GC Worker Total (ms): Min: 2.7, Avg: 2.8, Max: 2.9, Diff: 0.2, Sum: 36.2]
      [GC Worker End (ms): Min: 240.4, Avg: 240.4, Max: 240.4, Diff: 0.0]
   [Code Root Fixup: 0.0 ms]
   [Code Root Purge: 0.0 ms]
   [Clear CT: 0.1 ms]
   [Other: 0.6 ms]
      [Choose CSet: 0.0 ms]
      [Ref Proc: 0.1 ms]
      [Ref Enq: 0.0 ms]
      [Redirty Cards: 0.1 ms]
      [Humongous Register: 0.1 ms]
      [Humongous Reclaim: 0.0 ms]
      [Free CSet: 0.0 ms]
   [Eden: 44.0M(44.0M)->0.0B(44.0M) Survivors: 7168.0K->7168.0K Heap: 78.3M(1024.0M)->42.6M(1024.0M)]
 [Times: user=0.00 sys=0.00, real=0.02 secs]
2021-08-14T12:14:45.313+0800: [GC pause (G1 Evacuation Pause) (young), 0.0037180 secs]
   [Parallel Time: 2.9 ms, GC Workers: 13]
      [GC Worker Start (ms): Min: 265.9, Avg: 265.9, Max: 266.0, Diff: 0.1]
      [Ext Root Scanning (ms): Min: 0.1, Avg: 0.1, Max: 0.2, Diff: 0.1, Sum: 1.7]
      [Update RS (ms): Min: 0.1, Avg: 0.1, Max: 0.1, Diff: 0.0, Sum: 1.3]
         [Processed Buffers: Min: 1, Avg: 1.3, Max: 2, Diff: 1, Sum: 17]
      [Scan RS (ms): Min: 0.0, Avg: 0.0, Max: 0.0, Diff: 0.0, Sum: 0.1]
      [Code Root Scanning (ms): Min: 0.0, Avg: 0.0, Max: 0.0, Diff: 0.0, Sum: 0.0]
      [Object Copy (ms): Min: 2.2, Avg: 2.3, Max: 2.5, Diff: 0.3, Sum: 30.4]
      [Termination (ms): Min: 0.0, Avg: 0.1, Max: 0.3, Diff: 0.3, Sum: 1.8]
         [Termination Attempts: Min: 1, Avg: 1.0, Max: 1, Diff: 0, Sum: 13]
      [GC Worker Other (ms): Min: 0.0, Avg: 0.0, Max: 0.0, Diff: 0.0, Sum: 0.1]
      [GC Worker Total (ms): Min: 2.7, Avg: 2.7, Max: 2.8, Diff: 0.1, Sum: 35.4]
      [GC Worker End (ms): Min: 268.7, Avg: 268.7, Max: 268.7, Diff: 0.0]
   [Code Root Fixup: 0.0 ms]
   [Code Root Purge: 0.0 ms]
   [Clear CT: 0.1 ms]
   [Other: 0.7 ms]
      [Choose CSet: 0.0 ms]
      [Ref Proc: 0.1 ms]
      [Ref Enq: 0.0 ms]
      [Redirty Cards: 0.1 ms]
      [Humongous Register: 0.1 ms]
      [Humongous Reclaim: 0.0 ms]
      [Free CSet: 0.1 ms]
   [Eden: 44.0M(44.0M)->0.0B(64.0M) Survivors: 7168.0K->7168.0K Heap: 100.6M(1024.0M)->63.9M(1024.0M)]
 [Times: user=0.00 sys=0.00, real=0.02 secs]
2021-08-14T12:14:45.349+0800: [GC pause (G1 Evacuation Pause) (young), 0.0042324 secs]
   [Parallel Time: 3.4 ms, GC Workers: 13]
      [GC Worker Start (ms): Min: 302.1, Avg: 302.2, Max: 302.3, Diff: 0.1]
      [Ext Root Scanning (ms): Min: 0.1, Avg: 0.1, Max: 0.2, Diff: 0.1, Sum: 1.6]
      [Update RS (ms): Min: 0.1, Avg: 0.1, Max: 0.1, Diff: 0.1, Sum: 1.4]
         [Processed Buffers: Min: 0, Avg: 1.2, Max: 2, Diff: 2, Sum: 16]
      [Scan RS (ms): Min: 0.0, Avg: 0.0, Max: 0.0, Diff: 0.0, Sum: 0.1]
      [Code Root Scanning (ms): Min: 0.0, Avg: 0.0, Max: 0.0, Diff: 0.0, Sum: 0.0]
      [Object Copy (ms): Min: 2.8, Avg: 2.9, Max: 2.9, Diff: 0.2, Sum: 37.1]
      [Termination (ms): Min: 0.0, Avg: 0.1, Max: 0.1, Diff: 0.1, Sum: 1.1]
         [Termination Attempts: Min: 1, Avg: 1.0, Max: 1, Diff: 0, Sum: 13]
      [GC Worker Other (ms): Min: 0.0, Avg: 0.0, Max: 0.0, Diff: 0.0, Sum: 0.1]
      [GC Worker Total (ms): Min: 3.1, Avg: 3.2, Max: 3.3, Diff: 0.1, Sum: 41.4]
      [GC Worker End (ms): Min: 305.4, Avg: 305.4, Max: 305.4, Diff: 0.0]
   [Code Root Fixup: 0.0 ms]
   [Code Root Purge: 0.0 ms]
   [Clear CT: 0.1 ms]
   [Other: 0.7 ms]
      [Choose CSet: 0.0 ms]
      [Ref Proc: 0.1 ms]
      [Ref Enq: 0.0 ms]
      [Redirty Cards: 0.1 ms]
      [Humongous Register: 0.1 ms]
      [Humongous Reclaim: 0.1 ms]
      [Free CSet: 0.0 ms]
   [Eden: 64.0M(64.0M)->0.0B(80.0M) Survivors: 7168.0K->9216.0K Heap: 144.5M(1024.0M)->88.1M(1024.0M)]
 [Times: user=0.00 sys=0.00, real=0.02 secs]
2021-08-14T12:14:45.385+0800: [GC pause (G1 Evacuation Pause) (young), 0.0050523 secs]
   [Parallel Time: 4.3 ms, GC Workers: 13]
      [GC Worker Start (ms): Min: 337.8, Avg: 337.9, Max: 338.0, Diff: 0.1]
      [Ext Root Scanning (ms): Min: 0.1, Avg: 0.1, Max: 0.2, Diff: 0.1, Sum: 1.6]
      [Update RS (ms): Min: 0.1, Avg: 0.1, Max: 0.2, Diff: 0.1, Sum: 1.8]
         [Processed Buffers: Min: 0, Avg: 1.7, Max: 2, Diff: 2, Sum: 22]
      [Scan RS (ms): Min: 0.0, Avg: 0.0, Max: 0.0, Diff: 0.0, Sum: 0.1]
      [Code Root Scanning (ms): Min: 0.0, Avg: 0.0, Max: 0.0, Diff: 0.0, Sum: 0.0]
      [Object Copy (ms): Min: 3.5, Avg: 3.6, Max: 3.8, Diff: 0.2, Sum: 47.4]
      [Termination (ms): Min: 0.0, Avg: 0.1, Max: 0.2, Diff: 0.2, Sum: 1.8]
         [Termination Attempts: Min: 1, Avg: 1.0, Max: 1, Diff: 0, Sum: 13]
      [GC Worker Other (ms): Min: 0.0, Avg: 0.0, Max: 0.0, Diff: 0.0, Sum: 0.3]
      [GC Worker Total (ms): Min: 4.0, Avg: 4.1, Max: 4.1, Diff: 0.1, Sum: 52.9]
      [GC Worker End (ms): Min: 342.0, Avg: 342.0, Max: 342.0, Diff: 0.0]
   [Code Root Fixup: 0.0 ms]
   [Code Root Purge: 0.0 ms]
   [Clear CT: 0.1 ms]
   [Other: 0.7 ms]
      [Choose CSet: 0.0 ms]
      [Ref Proc: 0.2 ms]
      [Ref Enq: 0.0 ms]
      [Redirty Cards: 0.1 ms]
      [Humongous Register: 0.0 ms]
      [Humongous Reclaim: 0.1 ms]
      [Free CSet: 0.1 ms]
   [Eden: 80.0M(80.0M)->0.0B(103.0M) Survivors: 9216.0K->12.0M Heap: 186.2M(1024.0M)->124.3M(1024.0M)]
 [Times: user=0.06 sys=0.14, real=0.02 secs]
2021-08-14T12:14:45.426+0800: [GC pause (G1 Evacuation Pause) (young), 0.0065403 secs]
   [Parallel Time: 5.2 ms, GC Workers: 13]
      [GC Worker Start (ms): Min: 378.9, Avg: 379.0, Max: 379.1, Diff: 0.1]
      [Ext Root Scanning (ms): Min: 0.1, Avg: 0.1, Max: 0.2, Diff: 0.1, Sum: 1.7]
      [Update RS (ms): Min: 0.2, Avg: 0.2, Max: 0.3, Diff: 0.1, Sum: 2.8]
         [Processed Buffers: Min: 2, Avg: 2.6, Max: 4, Diff: 2, Sum: 34]
      [Scan RS (ms): Min: 0.0, Avg: 0.0, Max: 0.0, Diff: 0.0, Sum: 0.1]
      [Code Root Scanning (ms): Min: 0.0, Avg: 0.0, Max: 0.0, Diff: 0.0, Sum: 0.0]
      [Object Copy (ms): Min: 4.4, Avg: 4.5, Max: 4.6, Diff: 0.2, Sum: 58.3]
      [Termination (ms): Min: 0.0, Avg: 0.1, Max: 0.2, Diff: 0.2, Sum: 1.4]
         [Termination Attempts: Min: 1, Avg: 1.1, Max: 2, Diff: 1, Sum: 14]
      [GC Worker Other (ms): Min: 0.0, Avg: 0.0, Max: 0.0, Diff: 0.0, Sum: 0.3]
      [GC Worker Total (ms): Min: 4.9, Avg: 5.0, Max: 5.0, Diff: 0.1, Sum: 64.7]
      [GC Worker End (ms): Min: 384.0, Avg: 384.0, Max: 384.0, Diff: 0.0]
   [Code Root Fixup: 0.0 ms]
   [Code Root Purge: 0.0 ms]
   [Clear CT: 0.1 ms]
   [Other: 1.3 ms]
      [Choose CSet: 0.0 ms]
      [Ref Proc: 0.1 ms]
      [Ref Enq: 0.0 ms]
      [Redirty Cards: 0.1 ms]
      [Humongous Register: 0.1 ms]
      [Humongous Reclaim: 0.1 ms]
      [Free CSet: 0.1 ms]
   [Eden: 103.0M(103.0M)->0.0B(178.0M) Survivors: 12.0M->15.0M Heap: 245.6M(1024.0M)->165.0M(1024.0M)]
 [Times: user=0.00 sys=0.00, real=0.02 secs]
2021-08-14T12:14:45.507+0800: [GC pause (G1 Evacuation Pause) (young), 0.0091951 secs]
   [Parallel Time: 7.6 ms, GC Workers: 13]
      [GC Worker Start (ms): Min: 459.5, Avg: 459.6, Max: 459.7, Diff: 0.1]
      [Ext Root Scanning (ms): Min: 0.1, Avg: 0.1, Max: 0.2, Diff: 0.1, Sum: 1.6]
      [Update RS (ms): Min: 0.1, Avg: 0.2, Max: 0.2, Diff: 0.1, Sum: 2.0]
         [Processed Buffers: Min: 0, Avg: 1.9, Max: 3, Diff: 3, Sum: 25]
      [Scan RS (ms): Min: 0.0, Avg: 0.0, Max: 0.0, Diff: 0.0, Sum: 0.2]
      [Code Root Scanning (ms): Min: 0.0, Avg: 0.0, Max: 0.0, Diff: 0.0, Sum: 0.0]
      [Object Copy (ms): Min: 6.8, Avg: 6.9, Max: 7.1, Diff: 0.3, Sum: 90.2]
      [Termination (ms): Min: 0.0, Avg: 0.2, Max: 0.3, Diff: 0.3, Sum: 2.2]
         [Termination Attempts: Min: 1, Avg: 1.5, Max: 2, Diff: 1, Sum: 20]
      [GC Worker Other (ms): Min: 0.0, Avg: 0.0, Max: 0.1, Diff: 0.0, Sum: 0.5]
      [GC Worker Total (ms): Min: 7.4, Avg: 7.4, Max: 7.5, Diff: 0.1, Sum: 96.8]
      [GC Worker End (ms): Min: 467.0, Avg: 467.0, Max: 467.1, Diff: 0.0]
   [Code Root Fixup: 0.0 ms]
   [Code Root Purge: 0.0 ms]
   [Clear CT: 0.1 ms]
   [Other: 1.4 ms]
      [Choose CSet: 0.0 ms]
      [Ref Proc: 0.1 ms]
      [Ref Enq: 0.0 ms]
      [Redirty Cards: 0.1 ms]
      [Humongous Register: 0.1 ms]
      [Humongous Reclaim: 0.2 ms]
      [Free CSet: 0.1 ms]
   [Eden: 178.0M(178.0M)->0.0B(164.0M) Survivors: 15.0M->25.0M Heap: 397.4M(1024.0M)->228.3M(1024.0M)]
 [Times: user=0.01 sys=0.19, real=0.02 secs]
2021-08-14T12:14:45.560+0800: [GC pause (G1 Evacuation Pause) (young), 0.0091005 secs]
   [Parallel Time: 7.6 ms, GC Workers: 13]
      [GC Worker Start (ms): Min: 513.0, Avg: 513.1, Max: 513.2, Diff: 0.1]
      [Ext Root Scanning (ms): Min: 0.1, Avg: 0.1, Max: 0.2, Diff: 0.1, Sum: 1.5]
      [Update RS (ms): Min: 0.1, Avg: 0.2, Max: 0.4, Diff: 0.3, Sum: 2.1]
         [Processed Buffers: Min: 0, Avg: 1.8, Max: 3, Diff: 3, Sum: 23]
      [Scan RS (ms): Min: 0.0, Avg: 0.0, Max: 0.1, Diff: 0.0, Sum: 0.2]
      [Code Root Scanning (ms): Min: 0.0, Avg: 0.0, Max: 0.0, Diff: 0.0, Sum: 0.0]
      [Object Copy (ms): Min: 6.7, Avg: 6.9, Max: 7.1, Diff: 0.4, Sum: 90.3]
      [Termination (ms): Min: 0.0, Avg: 0.1, Max: 0.3, Diff: 0.3, Sum: 1.6]
         [Termination Attempts: Min: 1, Avg: 1.3, Max: 2, Diff: 1, Sum: 17]
      [GC Worker Other (ms): Min: 0.0, Avg: 0.0, Max: 0.0, Diff: 0.0, Sum: 0.4]
      [GC Worker Total (ms): Min: 7.3, Avg: 7.4, Max: 7.5, Diff: 0.1, Sum: 96.2]
      [GC Worker End (ms): Min: 520.5, Avg: 520.5, Max: 520.5, Diff: 0.0]
   [Code Root Fixup: 0.0 ms]
   [Code Root Purge: 0.0 ms]
   [Clear CT: 0.1 ms]
   [Other: 1.4 ms]
      [Choose CSet: 0.0 ms]
      [Ref Proc: 0.1 ms]
      [Ref Enq: 0.0 ms]
      [Redirty Cards: 0.1 ms]
      [Humongous Register: 0.1 ms]
      [Humongous Reclaim: 0.1 ms]
      [Free CSet: 0.1 ms]
   [Eden: 164.0M(164.0M)->0.0B(515.0M) Survivors: 25.0M->24.0M Heap: 433.7M(1024.0M)->283.6M(1024.0M)]
 [Times: user=0.11 sys=0.00, real=0.02 secs]
2021-08-14T12:14:45.732+0800: [GC pause (G1 Humongous Allocation) (young) (initial-mark) (to-space exhausted), 0.0141722 secs]
   [Parallel Time: 12.0 ms, GC Workers: 13]
      [GC Worker Start (ms): Min: 685.3, Avg: 685.4, Max: 685.5, Diff: 0.2]
      [Ext Root Scanning (ms): Min: 0.0, Avg: 0.1, Max: 0.2, Diff: 0.2, Sum: 1.8]
      [Update RS (ms): Min: 0.1, Avg: 0.1, Max: 0.3, Diff: 0.2, Sum: 1.9]
         [Processed Buffers: Min: 0, Avg: 1.6, Max: 2, Diff: 2, Sum: 21]
      [Scan RS (ms): Min: 0.0, Avg: 0.1, Max: 0.1, Diff: 0.1, Sum: 0.7]
      [Code Root Scanning (ms): Min: 0.0, Avg: 0.0, Max: 0.0, Diff: 0.0, Sum: 0.0]
      [Object Copy (ms): Min: 11.2, Avg: 11.3, Max: 11.4, Diff: 0.2, Sum: 146.5]
      [Termination (ms): Min: 0.0, Avg: 0.1, Max: 0.2, Diff: 0.2, Sum: 1.9]
         [Termination Attempts: Min: 1, Avg: 1.2, Max: 2, Diff: 1, Sum: 15]
      [GC Worker Other (ms): Min: 0.0, Avg: 0.0, Max: 0.1, Diff: 0.0, Sum: 0.3]
      [GC Worker Total (ms): Min: 11.7, Avg: 11.8, Max: 11.9, Diff: 0.2, Sum: 153.1]
      [GC Worker End (ms): Min: 697.2, Avg: 697.2, Max: 697.2, Diff: 0.0]
   [Code Root Fixup: 0.0 ms]
   [Code Root Purge: 0.0 ms]
   [Clear CT: 0.2 ms]
   [Other: 2.1 ms]
      [Evacuation Failure: 0.3 ms]
      [Choose CSet: 0.0 ms]
      [Ref Proc: 0.1 ms]
      [Ref Enq: 0.0 ms]
      [Redirty Cards: 0.1 ms]
      [Humongous Register: 0.1 ms]
      [Humongous Reclaim: 0.2 ms]
      [Free CSet: 0.3 ms]
   [Eden: 435.0M(515.0M)->0.0B(156.0M) Survivors: 24.0M->68.0M Heap: 823.7M(1024.0M)->495.9M(1024.0M)]
 [Times: user=0.19 sys=0.02, real=0.03 secs]
2021-08-14T12:14:45.760+0800: [GC concurrent-root-region-scan-start]
2021-08-14T12:14:45.761+0800: [GC concurrent-root-region-scan-end, 0.0006940 secs]
2021-08-14T12:14:45.761+0800: [GC concurrent-mark-start]
2021-08-14T12:14:45.763+0800: [GC concurrent-mark-end, 0.0017940 secs]
2021-08-14T12:14:45.763+0800: [GC remark 2021-08-14T12:14:45.764+0800: [Finalize Marking, 0.0002252 secs] 2021-08-14T12:14:45.764+0800: [GC ref-proc, 0.0002196 secs] 2021-08-14T12:14:45.764+0800: [Unloading, 0.0009334 secs], 0.0023290 secs]
 [Times: user=0.00 sys=0.00, real=0.00 secs]
2021-08-14T12:14:45.766+0800: [GC cleanup 516M->502M(1024M), 0.0036840 secs]
 [Times: user=0.00 sys=0.00, real=0.00 secs]
2021-08-14T12:14:45.770+0800: [GC concurrent-cleanup-start]
2021-08-14T12:14:45.771+0800: [GC concurrent-cleanup-end, 0.0004617 secs]
2021-08-14T12:14:45.798+0800: [GC pause (G1 Evacuation Pause) (young), 0.0096602 secs]
   [Parallel Time: 8.5 ms, GC Workers: 13]
      [GC Worker Start (ms): Min: 751.2, Avg: 751.3, Max: 751.3, Diff: 0.1]
      [Ext Root Scanning (ms): Min: 0.1, Avg: 0.1, Max: 0.2, Diff: 0.1, Sum: 1.7]
      [Update RS (ms): Min: 0.1, Avg: 0.2, Max: 0.9, Diff: 0.8, Sum: 2.5]
         [Processed Buffers: Min: 0, Avg: 1.7, Max: 2, Diff: 2, Sum: 22]
      [Scan RS (ms): Min: 0.0, Avg: 0.0, Max: 0.0, Diff: 0.0, Sum: 0.3]
      [Code Root Scanning (ms): Min: 0.0, Avg: 0.0, Max: 0.0, Diff: 0.0, Sum: 0.0]
      [Object Copy (ms): Min: 7.1, Avg: 7.8, Max: 7.9, Diff: 0.8, Sum: 101.7]
      [Termination (ms): Min: 0.0, Avg: 0.1, Max: 0.1, Diff: 0.1, Sum: 1.1]
         [Termination Attempts: Min: 1, Avg: 1.0, Max: 1, Diff: 0, Sum: 13]
      [GC Worker Other (ms): Min: 0.0, Avg: 0.0, Max: 0.1, Diff: 0.0, Sum: 0.3]
      [GC Worker Total (ms): Min: 8.2, Avg: 8.3, Max: 8.4, Diff: 0.1, Sum: 107.7]
      [GC Worker End (ms): Min: 759.5, Avg: 759.6, Max: 759.6, Diff: 0.0]
   [Code Root Fixup: 0.0 ms]
   [Code Root Purge: 0.0 ms]
   [Clear CT: 0.1 ms]
   [Other: 1.1 ms]
      [Choose CSet: 0.0 ms]
      [Ref Proc: 0.1 ms]
      [Ref Enq: 0.0 ms]
      [Redirty Cards: 0.1 ms]
      [Humongous Register: 0.2 ms]
      [Humongous Reclaim: 0.2 ms]
      [Free CSet: 0.2 ms]
   [Eden: 156.0M(156.0M)->0.0B(23.0M) Survivors: 68.0M->28.0M Heap: 691.7M(1024.0M)->532.8M(1024.0M)]
 [Times: user=0.00 sys=0.00, real=0.02 secs]
2021-08-14T12:14:45.827+0800: [GC pause (G1 Evacuation Pause) (mixed), 0.0055494 secs]
   [Parallel Time: 4.4 ms, GC Workers: 13]
      [GC Worker Start (ms): Min: 779.9, Avg: 780.0, Max: 780.0, Diff: 0.1]
      [Ext Root Scanning (ms): Min: 0.1, Avg: 0.1, Max: 0.2, Diff: 0.1, Sum: 1.5]
      [Update RS (ms): Min: 0.2, Avg: 0.2, Max: 0.2, Diff: 0.1, Sum: 2.5]
         [Processed Buffers: Min: 0, Avg: 2.2, Max: 3, Diff: 3, Sum: 29]
      [Scan RS (ms): Min: 0.0, Avg: 0.0, Max: 0.0, Diff: 0.0, Sum: 0.3]
      [Code Root Scanning (ms): Min: 0.0, Avg: 0.0, Max: 0.0, Diff: 0.0, Sum: 0.0]
      [Object Copy (ms): Min: 3.7, Avg: 3.7, Max: 3.8, Diff: 0.1, Sum: 48.2]
      [Termination (ms): Min: 0.0, Avg: 0.1, Max: 0.1, Diff: 0.1, Sum: 1.0]
         [Termination Attempts: Min: 1, Avg: 1.1, Max: 2, Diff: 1, Sum: 14]
      [GC Worker Other (ms): Min: 0.0, Avg: 0.0, Max: 0.0, Diff: 0.0, Sum: 0.2]
      [GC Worker Total (ms): Min: 4.1, Avg: 4.1, Max: 4.2, Diff: 0.1, Sum: 53.8]
      [GC Worker End (ms): Min: 784.1, Avg: 784.1, Max: 784.1, Diff: 0.0]
   [Code Root Fixup: 0.0 ms]
   [Code Root Purge: 0.0 ms]
   [Clear CT: 0.1 ms]
   [Other: 1.1 ms]
      [Choose CSet: 0.1 ms]
      [Ref Proc: 0.1 ms]
      [Ref Enq: 0.0 ms]
      [Redirty Cards: 0.1 ms]
      [Humongous Register: 0.2 ms]
      [Humongous Reclaim: 0.1 ms]
      [Free CSet: 0.3 ms]
   [Eden: 23.0M(23.0M)->0.0B(44.0M) Survivors: 28.0M->7168.0K Heap: 561.1M(1024.0M)->443.3M(1024.0M)]
 [Times: user=0.00 sys=0.00, real=0.02 secs]
2021-08-14T12:14:45.854+0800: [GC pause (G1 Evacuation Pause) (mixed), 0.0053239 secs]
   [Parallel Time: 4.3 ms, GC Workers: 13]
      [GC Worker Start (ms): Min: 806.3, Avg: 806.4, Max: 806.5, Diff: 0.1]
      [Ext Root Scanning (ms): Min: 0.1, Avg: 0.1, Max: 0.2, Diff: 0.1, Sum: 1.6]
      [Update RS (ms): Min: 0.2, Avg: 0.2, Max: 0.5, Diff: 0.3, Sum: 3.1]
         [Processed Buffers: Min: 0, Avg: 2.5, Max: 3, Diff: 3, Sum: 32]
      [Scan RS (ms): Min: 0.0, Avg: 0.0, Max: 0.1, Diff: 0.1, Sum: 0.4]
      [Code Root Scanning (ms): Min: 0.0, Avg: 0.0, Max: 0.0, Diff: 0.0, Sum: 0.0]
      [Object Copy (ms): Min: 3.3, Avg: 3.6, Max: 3.7, Diff: 0.4, Sum: 47.4]
      [Termination (ms): Min: 0.0, Avg: 0.1, Max: 0.1, Diff: 0.1, Sum: 0.9]
         [Termination Attempts: Min: 1, Avg: 1.2, Max: 2, Diff: 1, Sum: 16]
      [GC Worker Other (ms): Min: 0.0, Avg: 0.0, Max: 0.0, Diff: 0.0, Sum: 0.2]
      [GC Worker Total (ms): Min: 4.1, Avg: 4.1, Max: 4.2, Diff: 0.1, Sum: 53.6]
      [GC Worker End (ms): Min: 810.5, Avg: 810.5, Max: 810.5, Diff: 0.0]
   [Code Root Fixup: 0.0 ms]
   [Code Root Purge: 0.0 ms]
   [Clear CT: 0.1 ms]
   [Other: 0.9 ms]
      [Choose CSet: 0.0 ms]
      [Ref Proc: 0.1 ms]
      [Ref Enq: 0.0 ms]
      [Redirty Cards: 0.1 ms]
      [Humongous Register: 0.1 ms]
      [Humongous Reclaim: 0.1 ms]
      [Free CSet: 0.2 ms]
   [Eden: 44.0M(44.0M)->0.0B(357.0M) Survivors: 7168.0K->7168.0K Heap: 496.2M(1024.0M)->389.4M(1024.0M)]
 [Times: user=0.02 sys=0.00, real=0.02 secs]
2021-08-14T12:14:45.881+0800: [GC pause (G1 Humongous Allocation) (young) (initial-mark), 0.0030988 secs]
   [Parallel Time: 2.1 ms, GC Workers: 13]
      [GC Worker Start (ms): Min: 834.5, Avg: 834.6, Max: 834.6, Diff: 0.1]
      [Ext Root Scanning (ms): Min: 0.1, Avg: 0.1, Max: 0.2, Diff: 0.1, Sum: 1.6]
      [Update RS (ms): Min: 0.2, Avg: 0.2, Max: 0.3, Diff: 0.1, Sum: 2.5]
         [Processed Buffers: Min: 0, Avg: 2.2, Max: 3, Diff: 3, Sum: 28]
      [Scan RS (ms): Min: 0.0, Avg: 0.0, Max: 0.0, Diff: 0.0, Sum: 0.1]
      [Code Root Scanning (ms): Min: 0.0, Avg: 0.0, Max: 0.0, Diff: 0.0, Sum: 0.0]
      [Object Copy (ms): Min: 1.5, Avg: 1.6, Max: 1.7, Diff: 0.2, Sum: 21.0]
      [Termination (ms): Min: 0.0, Avg: 0.1, Max: 0.1, Diff: 0.1, Sum: 0.7]
         [Termination Attempts: Min: 1, Avg: 1.0, Max: 1, Diff: 0, Sum: 13]
      [GC Worker Other (ms): Min: 0.0, Avg: 0.0, Max: 0.0, Diff: 0.0, Sum: 0.3]
      [GC Worker Total (ms): Min: 1.9, Avg: 2.0, Max: 2.1, Diff: 0.1, Sum: 26.1]
      [GC Worker End (ms): Min: 836.6, Avg: 836.6, Max: 836.6, Diff: 0.0]
   [Code Root Fixup: 0.0 ms]
   [Code Root Purge: 0.0 ms]
   [Clear CT: 0.1 ms]
   [Other: 0.8 ms]
      [Choose CSet: 0.0 ms]
      [Ref Proc: 0.2 ms]
      [Ref Enq: 0.0 ms]
      [Redirty Cards: 0.1 ms]
      [Humongous Register: 0.1 ms]
      [Humongous Reclaim: 0.1 ms]
      [Free CSet: 0.1 ms]
   [Eden: 47.0M(357.0M)->0.0B(363.0M) Survivors: 7168.0K->20.0M Heap: 450.5M(1024.0M)->403.1M(1024.0M)]
 [Times: user=0.00 sys=0.00, real=0.02 secs]
2021-08-14T12:14:45.900+0800: [GC concurrent-root-region-scan-start]
2021-08-14T12:14:45.901+0800: [GC concurrent-root-region-scan-end, 0.0006092 secs]
2021-08-14T12:14:45.901+0800: [GC concurrent-mark-start]
2021-08-14T12:14:45.903+0800: [GC concurrent-mark-end, 0.0021267 secs]
2021-08-14T12:14:45.904+0800: [GC remark 2021-08-14T12:14:45.904+0800: [Finalize Marking, 0.0002834 secs] 2021-08-14T12:14:45.904+0800: [GC ref-proc, 0.0002211 secs] 2021-08-14T12:14:45.905+0800: [Unloading, 0.0009238 secs], 0.0023252 secs]
 [Times: user=0.01 sys=0.00, real=0.00 secs]
2021-08-14T12:14:45.907+0800: [GC cleanup 421M->419M(1024M), 0.0011347 secs]
 [Times: user=0.00 sys=0.00, real=0.00 secs]
2021-08-14T12:14:45.908+0800: [GC concurrent-cleanup-start]
2021-08-14T12:14:45.909+0800: [GC concurrent-cleanup-end, 0.0004540 secs]
2021-08-14T12:14:45.971+0800: [GC pause (G1 Evacuation Pause) (young) (to-space exhausted), 0.0085256 secs]
   [Parallel Time: 6.2 ms, GC Workers: 13]
      [GC Worker Start (ms): Min: 924.9, Avg: 925.0, Max: 925.1, Diff: 0.1]
      [Ext Root Scanning (ms): Min: 0.1, Avg: 0.1, Max: 0.2, Diff: 0.1, Sum: 1.5]
      [Update RS (ms): Min: 0.2, Avg: 0.3, Max: 1.3, Diff: 1.1, Sum: 3.7]
         [Processed Buffers: Min: 0, Avg: 2.3, Max: 3, Diff: 3, Sum: 30]
      [Scan RS (ms): Min: 0.0, Avg: 0.0, Max: 0.1, Diff: 0.1, Sum: 0.5]
      [Code Root Scanning (ms): Min: 0.0, Avg: 0.0, Max: 0.0, Diff: 0.0, Sum: 0.0]
      [Object Copy (ms): Min: 4.6, Avg: 5.5, Max: 5.6, Diff: 1.1, Sum: 72.1]
      [Termination (ms): Min: 0.0, Avg: 0.0, Max: 0.1, Diff: 0.1, Sum: 0.4]
         [Termination Attempts: Min: 1, Avg: 1.4, Max: 3, Diff: 2, Sum: 18]
      [GC Worker Other (ms): Min: 0.0, Avg: 0.0, Max: 0.0, Diff: 0.0, Sum: 0.2]
      [GC Worker Total (ms): Min: 6.0, Avg: 6.0, Max: 6.1, Diff: 0.1, Sum: 78.4]
      [GC Worker End (ms): Min: 931.0, Avg: 931.0, Max: 931.0, Diff: 0.0]
   [Code Root Fixup: 0.0 ms]
   [Code Root Purge: 0.0 ms]
   [Clear CT: 0.1 ms]
   [Other: 2.2 ms]
      [Evacuation Failure: 0.3 ms]
      [Choose CSet: 0.0 ms]
      [Ref Proc: 0.1 ms]
      [Ref Enq: 0.0 ms]
      [Redirty Cards: 0.1 ms]
      [Humongous Register: 0.2 ms]
      [Humongous Reclaim: 0.3 ms]
      [Free CSet: 0.2 ms]
   [Eden: 363.0M(363.0M)->0.0B(3072.0K) Survivors: 20.0M->48.0M Heap: 851.6M(1024.0M)->640.4M(1024.0M)]
 [Times: user=0.00 sys=0.00, real=0.02 secs]
2021-08-14T12:14:45.995+0800: [GC pause (G1 Evacuation Pause) (mixed), 0.0064351 secs]
   [Parallel Time: 5.3 ms, GC Workers: 13]
      [GC Worker Start (ms): Min: 947.7, Avg: 947.8, Max: 947.8, Diff: 0.1]
      [Ext Root Scanning (ms): Min: 0.1, Avg: 0.1, Max: 0.2, Diff: 0.1, Sum: 1.7]
      [Update RS (ms): Min: 0.1, Avg: 0.1, Max: 0.1, Diff: 0.1, Sum: 1.4]
         [Processed Buffers: Min: 1, Avg: 2.0, Max: 3, Diff: 2, Sum: 26]
      [Scan RS (ms): Min: 0.0, Avg: 0.0, Max: 0.0, Diff: 0.0, Sum: 0.3]
      [Code Root Scanning (ms): Min: 0.0, Avg: 0.0, Max: 0.0, Diff: 0.0, Sum: 0.0]
      [Object Copy (ms): Min: 4.8, Avg: 4.8, Max: 4.8, Diff: 0.1, Sum: 62.5]
      [Termination (ms): Min: 0.0, Avg: 0.1, Max: 0.1, Diff: 0.1, Sum: 0.7]
         [Termination Attempts: Min: 1, Avg: 1.4, Max: 3, Diff: 2, Sum: 18]
      [GC Worker Other (ms): Min: 0.0, Avg: 0.0, Max: 0.0, Diff: 0.0, Sum: 0.1]
      [GC Worker Total (ms): Min: 5.1, Avg: 5.1, Max: 5.2, Diff: 0.1, Sum: 66.7]
      [GC Worker End (ms): Min: 952.9, Avg: 952.9, Max: 952.9, Diff: 0.0]
   [Code Root Fixup: 0.0 ms]
   [Code Root Purge: 0.0 ms]
   [Clear CT: 0.1 ms]
   [Other: 1.0 ms]
      [Choose CSet: 0.1 ms]
      [Ref Proc: 0.1 ms]
      [Ref Enq: 0.0 ms]
      [Redirty Cards: 0.1 ms]
      [Humongous Register: 0.2 ms]
      [Humongous Reclaim: 0.1 ms]
      [Free CSet: 0.1 ms]
   [Eden: 3072.0K(3072.0K)->0.0B(213.0M) Survivors: 48.0M->2048.0K Heap: 644.7M(1024.0M)->596.0M(1024.0M)]
 [Times: user=0.16 sys=0.05, real=0.02 secs]
2021-08-14T12:14:46.018+0800: [GC pause (G1 Humongous Allocation) (young) (initial-mark), 0.0014311 secs]
   [Parallel Time: 0.6 ms, GC Workers: 13]
      [GC Worker Start (ms): Min: 970.0, Avg: 970.0, Max: 970.1, Diff: 0.1]
      [Ext Root Scanning (ms): Min: 0.1, Avg: 0.1, Max: 0.2, Diff: 0.1, Sum: 1.6]
      [Update RS (ms): Min: 0.0, Avg: 0.1, Max: 0.3, Diff: 0.3, Sum: 1.5]
         [Processed Buffers: Min: 0, Avg: 1.1, Max: 2, Diff: 2, Sum: 14]
      [Scan RS (ms): Min: 0.0, Avg: 0.0, Max: 0.0, Diff: 0.0, Sum: 0.0]
      [Code Root Scanning (ms): Min: 0.0, Avg: 0.0, Max: 0.0, Diff: 0.0, Sum: 0.0]
      [Object Copy (ms): Min: 0.0, Avg: 0.1, Max: 0.2, Diff: 0.2, Sum: 0.9]
      [Termination (ms): Min: 0.0, Avg: 0.1, Max: 0.2, Diff: 0.2, Sum: 1.6]
         [Termination Attempts: Min: 1, Avg: 1.5, Max: 3, Diff: 2, Sum: 19]
      [GC Worker Other (ms): Min: 0.0, Avg: 0.0, Max: 0.0, Diff: 0.0, Sum: 0.2]
      [GC Worker Total (ms): Min: 0.4, Avg: 0.5, Max: 0.5, Diff: 0.1, Sum: 5.9]
      [GC Worker End (ms): Min: 970.5, Avg: 970.5, Max: 970.5, Diff: 0.0]
   [Code Root Fixup: 0.0 ms]
   [Code Root Purge: 0.0 ms]
   [Clear CT: 0.2 ms]
   [Other: 0.7 ms]
      [Choose CSet: 0.0 ms]
      [Ref Proc: 0.1 ms]
      [Ref Enq: 0.0 ms]
      [Redirty Cards: 0.1 ms]
      [Humongous Register: 0.1 ms]
      [Humongous Reclaim: 0.0 ms]
      [Free CSet: 0.1 ms]
   [Eden: 4096.0K(213.0M)->0.0B(193.0M) Survivors: 2048.0K->3072.0K Heap: 599.8M(1024.0M)->597.1M(1024.0M)]
 [Times: user=0.00 sys=0.00, real=0.02 secs]
2021-08-14T12:14:46.034+0800: [GC concurrent-root-region-scan-start]
2021-08-14T12:14:46.035+0800: [GC concurrent-root-region-scan-end, 0.0006048 secs]
2021-08-14T12:14:46.035+0800: [GC concurrent-mark-start]
2021-08-14T12:14:46.041+0800: [GC concurrent-mark-end, 0.0053673 secs]
2021-08-14T12:14:46.041+0800: [GC remark 2021-08-14T12:14:46.041+0800: [Finalize Marking, 0.0002586 secs] 2021-08-14T12:14:46.042+0800: [GC ref-proc, 0.0002201 secs] 2021-08-14T12:14:46.042+0800: [Unloading, 0.0009349 secs], 0.0023894 secs]
 [Times: user=0.00 sys=0.00, real=0.00 secs]
2021-08-14T12:14:46.043+0800: [GC cleanup 645M->639M(1024M), 0.0012858 secs]
 [Times: user=0.00 sys=0.00, real=0.00 secs]
2021-08-14T12:14:46.045+0800: [GC concurrent-cleanup-start]
2021-08-14T12:14:46.045+0800: [GC concurrent-cleanup-end, 0.0004728 secs]
2021-08-14T12:14:46.073+0800: [GC pause (G1 Evacuation Pause) (young), 0.0069014 secs]
   [Parallel Time: 5.3 ms, GC Workers: 13]
      [GC Worker Start (ms): Min: 1026.4, Avg: 1026.4, Max: 1026.5, Diff: 0.1]
      [Ext Root Scanning (ms): Min: 0.1, Avg: 0.1, Max: 0.2, Diff: 0.1, Sum: 1.7]
      [Update RS (ms): Min: 0.3, Avg: 0.4, Max: 0.6, Diff: 0.3, Sum: 4.8]
         [Processed Buffers: Min: 0, Avg: 3.8, Max: 5, Diff: 5, Sum: 49]
      [Scan RS (ms): Min: 0.0, Avg: 0.0, Max: 0.1, Diff: 0.1, Sum: 0.3]
      [Code Root Scanning (ms): Min: 0.0, Avg: 0.0, Max: 0.0, Diff: 0.0, Sum: 0.0]
      [Object Copy (ms): Min: 4.3, Avg: 4.5, Max: 4.6, Diff: 0.4, Sum: 58.7]
      [Termination (ms): Min: 0.0, Avg: 0.1, Max: 0.1, Diff: 0.1, Sum: 0.9]
         [Termination Attempts: Min: 1, Avg: 1.0, Max: 1, Diff: 0, Sum: 13]
      [GC Worker Other (ms): Min: 0.0, Avg: 0.0, Max: 0.0, Diff: 0.0, Sum: 0.4]
      [GC Worker Total (ms): Min: 5.1, Avg: 5.1, Max: 5.2, Diff: 0.1, Sum: 66.9]
      [GC Worker End (ms): Min: 1031.6, Avg: 1031.6, Max: 1031.6, Diff: 0.0]
   [Code Root Fixup: 0.0 ms]
   [Code Root Purge: 0.0 ms]
   [Clear CT: 0.1 ms]
   [Other: 1.5 ms]
      [Choose CSet: 0.0 ms]
      [Ref Proc: 0.1 ms]
      [Ref Enq: 0.0 ms]
      [Redirty Cards: 0.1 ms]
      [Humongous Register: 0.2 ms]
      [Humongous Reclaim: 0.2 ms]
      [Free CSet: 0.2 ms]
   [Eden: 193.0M(193.0M)->0.0B(26.0M) Survivors: 3072.0K->25.0M Heap: 830.8M(1024.0M)->654.2M(1024.0M)]
 [Times: user=0.17 sys=0.03, real=0.02 secs]
2021-08-14T12:14:46.097+0800: [GC pause (G1 Evacuation Pause) (mixed), 0.0051594 secs]
   [Parallel Time: 4.0 ms, GC Workers: 13]
      [GC Worker Start (ms): Min: 1050.4, Avg: 1050.4, Max: 1050.5, Diff: 0.1]
      [Ext Root Scanning (ms): Min: 0.1, Avg: 0.1, Max: 0.2, Diff: 0.1, Sum: 1.7]
      [Update RS (ms): Min: 0.3, Avg: 0.3, Max: 0.4, Diff: 0.1, Sum: 4.3]
         [Processed Buffers: Min: 2, Avg: 3.8, Max: 5, Diff: 3, Sum: 50]
      [Scan RS (ms): Min: 0.0, Avg: 0.0, Max: 0.1, Diff: 0.0, Sum: 0.4]
      [Code Root Scanning (ms): Min: 0.0, Avg: 0.0, Max: 0.0, Diff: 0.0, Sum: 0.0]
      [Object Copy (ms): Min: 3.3, Avg: 3.3, Max: 3.4, Diff: 0.1, Sum: 43.4]
      [Termination (ms): Min: 0.0, Avg: 0.0, Max: 0.1, Diff: 0.1, Sum: 0.5]
         [Termination Attempts: Min: 1, Avg: 1.0, Max: 1, Diff: 0, Sum: 13]
      [GC Worker Other (ms): Min: 0.0, Avg: 0.0, Max: 0.0, Diff: 0.0, Sum: 0.3]
      [GC Worker Total (ms): Min: 3.8, Avg: 3.9, Max: 3.9, Diff: 0.1, Sum: 50.5]
      [GC Worker End (ms): Min: 1054.3, Avg: 1054.3, Max: 1054.3, Diff: 0.0]
   [Code Root Fixup: 0.0 ms]
   [Code Root Purge: 0.0 ms]
   [Clear CT: 0.2 ms]
   [Other: 1.0 ms]
      [Choose CSet: 0.1 ms]
      [Ref Proc: 0.1 ms]
      [Ref Enq: 0.0 ms]
      [Redirty Cards: 0.1 ms]
      [Humongous Register: 0.2 ms]
      [Humongous Reclaim: 0.1 ms]
      [Free CSet: 0.2 ms]
   [Eden: 26.0M(26.0M)->0.0B(44.0M) Survivors: 25.0M->7168.0K Heap: 684.6M(1024.0M)->564.7M(1024.0M)]
 [Times: user=0.00 sys=0.00, real=0.02 secs]
2021-08-14T12:14:46.125+0800: [GC pause (G1 Evacuation Pause) (mixed), 0.0051769 secs]
   [Parallel Time: 4.0 ms, GC Workers: 13]
      [GC Worker Start (ms): Min: 1077.9, Avg: 1078.0, Max: 1078.1, Diff: 0.1]
      [Ext Root Scanning (ms): Min: 0.1, Avg: 0.1, Max: 0.2, Diff: 0.1, Sum: 1.5]
      [Update RS (ms): Min: 0.2, Avg: 0.3, Max: 0.3, Diff: 0.0, Sum: 3.3]
         [Processed Buffers: Min: 0, Avg: 2.9, Max: 5, Diff: 5, Sum: 38]
      [Scan RS (ms): Min: 0.0, Avg: 0.0, Max: 0.1, Diff: 0.1, Sum: 0.5]
      [Code Root Scanning (ms): Min: 0.0, Avg: 0.0, Max: 0.0, Diff: 0.0, Sum: 0.0]
      [Object Copy (ms): Min: 3.3, Avg: 3.4, Max: 3.4, Diff: 0.1, Sum: 43.7]
      [Termination (ms): Min: 0.0, Avg: 0.1, Max: 0.1, Diff: 0.1, Sum: 0.8]
         [Termination Attempts: Min: 1, Avg: 1.0, Max: 1, Diff: 0, Sum: 13]
      [GC Worker Other (ms): Min: 0.0, Avg: 0.0, Max: 0.0, Diff: 0.0, Sum: 0.2]
      [GC Worker Total (ms): Min: 3.8, Avg: 3.8, Max: 3.9, Diff: 0.1, Sum: 50.0]
      [GC Worker End (ms): Min: 1081.8, Avg: 1081.9, Max: 1081.9, Diff: 0.0]
   [Code Root Fixup: 0.0 ms]
   [Code Root Purge: 0.0 ms]
   [Clear CT: 0.1 ms]
   [Other: 1.0 ms]
      [Choose CSet: 0.1 ms]
      [Ref Proc: 0.2 ms]
      [Ref Enq: 0.0 ms]
      [Redirty Cards: 0.1 ms]
      [Humongous Register: 0.2 ms]
      [Humongous Reclaim: 0.1 ms]
      [Free CSet: 0.2 ms]
   [Eden: 44.0M(44.0M)->0.0B(44.0M) Survivors: 7168.0K->7168.0K Heap: 619.4M(1024.0M)->497.8M(1024.0M)]
 [Times: user=0.00 sys=0.00, real=0.02 secs]
2021-08-14T12:14:46.151+0800: [GC pause (G1 Evacuation Pause) (mixed), 0.0054789 secs]
   [Parallel Time: 4.4 ms, GC Workers: 13]
      [GC Worker Start (ms): Min: 1103.9, Avg: 1103.9, Max: 1104.0, Diff: 0.1]
      [Ext Root Scanning (ms): Min: 0.1, Avg: 0.1, Max: 0.2, Diff: 0.1, Sum: 1.6]
      [Update RS (ms): Min: 0.4, Avg: 0.4, Max: 0.4, Diff: 0.1, Sum: 5.4]
         [Processed Buffers: Min: 1, Avg: 4.5, Max: 6, Diff: 5, Sum: 59]
      [Scan RS (ms): Min: 0.0, Avg: 0.1, Max: 0.2, Diff: 0.1, Sum: 0.8]
      [Code Root Scanning (ms): Min: 0.0, Avg: 0.0, Max: 0.0, Diff: 0.0, Sum: 0.0]
      [Object Copy (ms): Min: 3.5, Avg: 3.6, Max: 3.6, Diff: 0.1, Sum: 46.4]
      [Termination (ms): Min: 0.0, Avg: 0.1, Max: 0.1, Diff: 0.1, Sum: 1.0]
         [Termination Attempts: Min: 1, Avg: 1.1, Max: 2, Diff: 1, Sum: 14]
      [GC Worker Other (ms): Min: 0.0, Avg: 0.0, Max: 0.0, Diff: 0.0, Sum: 0.2]
      [GC Worker Total (ms): Min: 4.2, Avg: 4.3, Max: 4.3, Diff: 0.1, Sum: 55.4]
      [GC Worker End (ms): Min: 1108.2, Avg: 1108.2, Max: 1108.2, Diff: 0.0]
   [Code Root Fixup: 0.0 ms]
   [Code Root Purge: 0.0 ms]
   [Clear CT: 0.1 ms]
   [Other: 1.0 ms]
      [Choose CSet: 0.1 ms]
      [Ref Proc: 0.1 ms]
      [Ref Enq: 0.0 ms]
      [Redirty Cards: 0.1 ms]
      [Humongous Register: 0.2 ms]
      [Humongous Reclaim: 0.1 ms]
      [Free CSet: 0.2 ms]
   [Eden: 44.0M(44.0M)->0.0B(295.0M) Survivors: 7168.0K->7168.0K Heap: 554.3M(1024.0M)->465.7M(1024.0M)]
 [Times: user=0.16 sys=0.00, real=0.02 secs]
2021-08-14T12:14:46.173+0800: [GC pause (G1 Humongous Allocation) (young) (initial-mark), 0.0016272 secs]
   [Parallel Time: 0.9 ms, GC Workers: 13]
      [GC Worker Start (ms): Min: 1124.8, Avg: 1124.8, Max: 1124.9, Diff: 0.1]
      [Ext Root Scanning (ms): Min: 0.1, Avg: 0.1, Max: 0.2, Diff: 0.1, Sum: 1.6]
      [Update RS (ms): Min: 0.0, Avg: 0.1, Max: 0.3, Diff: 0.3, Sum: 1.8]
         [Processed Buffers: Min: 0, Avg: 1.1, Max: 2, Diff: 2, Sum: 14]
      [Scan RS (ms): Min: 0.0, Avg: 0.0, Max: 0.0, Diff: 0.0, Sum: 0.0]
      [Code Root Scanning (ms): Min: 0.0, Avg: 0.0, Max: 0.0, Diff: 0.0, Sum: 0.0]
      [Object Copy (ms): Min: 0.2, Avg: 0.4, Max: 0.5, Diff: 0.4, Sum: 4.8]
      [Termination (ms): Min: 0.0, Avg: 0.1, Max: 0.1, Diff: 0.1, Sum: 1.0]
         [Termination Attempts: Min: 1, Avg: 1.0, Max: 1, Diff: 0, Sum: 13]
      [GC Worker Other (ms): Min: 0.0, Avg: 0.0, Max: 0.0, Diff: 0.0, Sum: 0.1]
      [GC Worker Total (ms): Min: 0.7, Avg: 0.7, Max: 0.8, Diff: 0.1, Sum: 9.4]
      [GC Worker End (ms): Min: 1125.5, Avg: 1125.5, Max: 1125.5, Diff: 0.0]
   [Code Root Fixup: 0.0 ms]
   [Code Root Purge: 0.0 ms]
   [Clear CT: 0.1 ms]
   [Other: 0.6 ms]
      [Choose CSet: 0.0 ms]
      [Ref Proc: 0.1 ms]
      [Ref Enq: 0.0 ms]
      [Redirty Cards: 0.1 ms]
      [Humongous Register: 0.1 ms]
      [Humongous Reclaim: 0.0 ms]
      [Free CSet: 0.1 ms]
   [Eden: 4096.0K(295.0M)->0.0B(292.0M) Survivors: 7168.0K->8192.0K Heap: 469.4M(1024.0M)->465.3M(1024.0M)]
 [Times: user=0.00 sys=0.00, real=0.01 secs]
2021-08-14T12:14:46.188+0800: [GC concurrent-root-region-scan-start]
2021-08-14T12:14:46.189+0800: [GC concurrent-root-region-scan-end, 0.0006275 secs]
2021-08-14T12:14:46.189+0800: [GC concurrent-mark-start]
2021-08-14T12:14:46.191+0800: [GC concurrent-mark-end, 0.0016510 secs]
2021-08-14T12:14:46.191+0800: [GC remark 2021-08-14T12:14:46.191+0800: [Finalize Marking, 0.0002249 secs] 2021-08-14T12:14:46.191+0800: [GC ref-proc, 0.0002193 secs] 2021-08-14T12:14:46.192+0800: [Unloading, 0.0009477 secs], 0.0047779 secs]
 [Times: user=0.00 sys=0.00, real=0.01 secs]
2021-08-14T12:14:46.196+0800: [GC cleanup 485M->480M(1024M), 0.0009234 secs]
 [Times: user=0.00 sys=0.00, real=0.00 secs]
2021-08-14T12:14:46.198+0800: [GC concurrent-cleanup-start]
2021-08-14T12:14:46.198+0800: [GC concurrent-cleanup-end, 0.0004660 secs]
执行结束，共生成对象次数：10230
Heap
 garbage-first heap   total 1048576K, used 651724K [0x00000000c0000000, 0x00000000c0102000, 0x0000000100000000)
  region size 1024K, 146 young (149504K), 8 survivors (8192K)
 Metaspace       used 2652K, capacity 4486K, committed 4864K, reserved 1056768K
  class space    used 291K, capacity 386K, committed 512K, reserved 1048576K